Archive member included to satisfy reference by file (symbol)

c:/st/stm32cubeide_1.3.0/stm32cubeide/plugins/com.st.stm32cube.ide.mcu.externaltools.gnu-tools-for-stm32.7-2018-q2-update.win32_1.4.0.202007081208/tools/bin/../lib/gcc/arm-none-eabi/7.3.1/../../../../arm-none-eabi/lib/thumb/v7e-m/fpv5/hard\libc_nano.a(lib_a-errno.o)
                              Core/Src/syscalls.o (__errno)
c:/st/stm32cubeide_1.3.0/stm32cubeide/plugins/com.st.stm32cube.ide.mcu.externaltools.gnu-tools-for-stm32.7-2018-q2-update.win32_1.4.0.202007081208/tools/bin/../lib/gcc/arm-none-eabi/7.3.1/../../../../arm-none-eabi/lib/thumb/v7e-m/fpv5/hard\libc_nano.a(lib_a-exit.o)
                              c:/st/stm32cubeide_1.3.0/stm32cubeide/plugins/com.st.stm32cube.ide.mcu.externaltools.gnu-tools-for-stm32.7-2018-q2-update.win32_1.4.0.202007081208/tools/bin/../lib/gcc/arm-none-eabi/7.3.1/../../../../arm-none-eabi/lib/thumb/v7e-m/fpv5/hard/crt0.o (exit)
c:/st/stm32cubeide_1.3.0/stm32cubeide/plugins/com.st.stm32cube.ide.mcu.externaltools.gnu-tools-for-stm32.7-2018-q2-update.win32_1.4.0.202007081208/tools/bin/../lib/gcc/arm-none-eabi/7.3.1/../../../../arm-none-eabi/lib/thumb/v7e-m/fpv5/hard\libc_nano.a(lib_a-impure.o)
                              c:/st/stm32cubeide_1.3.0/stm32cubeide/plugins/com.st.stm32cube.ide.mcu.externaltools.gnu-tools-for-stm32.7-2018-q2-update.win32_1.4.0.202007081208/tools/bin/../lib/gcc/arm-none-eabi/7.3.1/../../../../arm-none-eabi/lib/thumb/v7e-m/fpv5/hard\libc_nano.a(lib_a-exit.o) (_global_impure_ptr)
c:/st/stm32cubeide_1.3.0/stm32cubeide/plugins/com.st.stm32cube.ide.mcu.externaltools.gnu-tools-for-stm32.7-2018-q2-update.win32_1.4.0.202007081208/tools/bin/../lib/gcc/arm-none-eabi/7.3.1/../../../../arm-none-eabi/lib/thumb/v7e-m/fpv5/hard\libc_nano.a(lib_a-init.o)
                              c:/st/stm32cubeide_1.3.0/stm32cubeide/plugins/com.st.stm32cube.ide.mcu.externaltools.gnu-tools-for-stm32.7-2018-q2-update.win32_1.4.0.202007081208/tools/bin/../lib/gcc/arm-none-eabi/7.3.1/../../../../arm-none-eabi/lib/thumb/v7e-m/fpv5/hard/crt0.o (__libc_init_array)
c:/st/stm32cubeide_1.3.0/stm32cubeide/plugins/com.st.stm32cube.ide.mcu.externaltools.gnu-tools-for-stm32.7-2018-q2-update.win32_1.4.0.202007081208/tools/bin/../lib/gcc/arm-none-eabi/7.3.1/../../../../arm-none-eabi/lib/thumb/v7e-m/fpv5/hard\libc_nano.a(lib_a-memcpy-stub.o)
                              Core/Src/main.o (memcpy)
c:/st/stm32cubeide_1.3.0/stm32cubeide/plugins/com.st.stm32cube.ide.mcu.externaltools.gnu-tools-for-stm32.7-2018-q2-update.win32_1.4.0.202007081208/tools/bin/../lib/gcc/arm-none-eabi/7.3.1/../../../../arm-none-eabi/lib/thumb/v7e-m/fpv5/hard\libc_nano.a(lib_a-memset.o)
                              c:/st/stm32cubeide_1.3.0/stm32cubeide/plugins/com.st.stm32cube.ide.mcu.externaltools.gnu-tools-for-stm32.7-2018-q2-update.win32_1.4.0.202007081208/tools/bin/../lib/gcc/arm-none-eabi/7.3.1/../../../../arm-none-eabi/lib/thumb/v7e-m/fpv5/hard/crt0.o (memset)
c:/st/stm32cubeide_1.3.0/stm32cubeide/plugins/com.st.stm32cube.ide.mcu.externaltools.gnu-tools-for-stm32.7-2018-q2-update.win32_1.4.0.202007081208/tools/bin/../lib/gcc/arm-none-eabi/7.3.1/../../../../arm-none-eabi/lib/thumb/v7e-m/fpv5/hard\libc_nano.a(lib_a-sprintf.o)
                              Core/Src/main.o (sprintf)
c:/st/stm32cubeide_1.3.0/stm32cubeide/plugins/com.st.stm32cube.ide.mcu.externaltools.gnu-tools-for-stm32.7-2018-q2-update.win32_1.4.0.202007081208/tools/bin/../lib/gcc/arm-none-eabi/7.3.1/../../../../arm-none-eabi/lib/thumb/v7e-m/fpv5/hard\libc_nano.a(lib_a-strlen.o)
                              Core/Src/main.o (strlen)
c:/st/stm32cubeide_1.3.0/stm32cubeide/plugins/com.st.stm32cube.ide.mcu.externaltools.gnu-tools-for-stm32.7-2018-q2-update.win32_1.4.0.202007081208/tools/bin/../lib/gcc/arm-none-eabi/7.3.1/../../../../arm-none-eabi/lib/thumb/v7e-m/fpv5/hard\libc_nano.a(lib_a-nano-svfprintf.o)
                              c:/st/stm32cubeide_1.3.0/stm32cubeide/plugins/com.st.stm32cube.ide.mcu.externaltools.gnu-tools-for-stm32.7-2018-q2-update.win32_1.4.0.202007081208/tools/bin/../lib/gcc/arm-none-eabi/7.3.1/../../../../arm-none-eabi/lib/thumb/v7e-m/fpv5/hard\libc_nano.a(lib_a-sprintf.o) (_svfprintf_r)
c:/st/stm32cubeide_1.3.0/stm32cubeide/plugins/com.st.stm32cube.ide.mcu.externaltools.gnu-tools-for-stm32.7-2018-q2-update.win32_1.4.0.202007081208/tools/bin/../lib/gcc/arm-none-eabi/7.3.1/../../../../arm-none-eabi/lib/thumb/v7e-m/fpv5/hard\libc_nano.a(lib_a-nano-vfprintf_i.o)
                              c:/st/stm32cubeide_1.3.0/stm32cubeide/plugins/com.st.stm32cube.ide.mcu.externaltools.gnu-tools-for-stm32.7-2018-q2-update.win32_1.4.0.202007081208/tools/bin/../lib/gcc/arm-none-eabi/7.3.1/../../../../arm-none-eabi/lib/thumb/v7e-m/fpv5/hard\libc_nano.a(lib_a-nano-svfprintf.o) (_printf_i)
[...]
Memory Configuration

Name             Origin             Length             Attributes
RAM              0x0000000020000000 0x0000000000080000 xrw
FLASH            0x0000000008000000 0x0000000000200000 xr
*default*        0x0000000000000000 0xffffffffffffffff

Linker script and memory map

LOAD c:/st/stm32cubeide_1.3.0/stm32cubeide/plugins/com.st.stm32cube.ide.mcu.externaltools.gnu-tools-for-stm32.7-2018-q2-update.win32_1.4.0.202007081208/tools/bin/../lib/gcc/arm-none-eabi/7.3.1/thumb/v7e-m/fpv5/hard/crti.o
LOAD c:/st/stm32cubeide_1.3.0/stm32cubeide/plugins/com.st.stm32cube.ide.mcu.externaltools.gnu-tools-for-stm32.7-2018-q2-update.win32_1.4.0.202007081208/tools/bin/../lib/gcc/arm-none-eabi/7.3.1/thumb/v7e-m/fpv5/hard/crtbegin.o
LOAD c:/st/stm32cubeide_1.3.0/stm32cubeide/plugins/com.st.stm32cube.ide.mcu.externaltools.gnu-tools-for-stm32.7-2018-q2-update.win32_1.4.0.202007081208/tools/bin/../lib/gcc/arm-none-eabi/7.3.1/../../../../arm-none-eabi/lib/thumb/v7e-m/fpv5/hard/crt0.o
LOAD Core/Src/fatfs_sd.o
LOAD Core/Src/gpio.o
LOAD Core/Src/main.o
LOAD Core/Src/spi.o
LOAD Core/Src/stm32f7xx_hal_msp.o
LOAD Core/Src/stm32f7xx_it.o
LOAD Core/Src/syscalls.o
LOAD Core/Src/sysmem.o
LOAD Core/Src/system_stm32f7xx.o
LOAD Core/Src/usart.o
LOAD Core/Startup/startup_stm32f767zitx.o
LOAD Drivers/STM32F7xx_HAL_Driver/Src/stm32f7xx_hal.o
LOAD Drivers/STM32F7xx_HAL_Driver/Src/stm32f7xx_hal_cortex.o
LOAD Drivers/STM32F7xx_HAL_Driver/Src/stm32f7xx_hal_dma.o
LOAD Drivers/STM32F7xx_HAL_Driver/Src/stm32f7xx_hal_dma_ex.o
LOAD Drivers/STM32F7xx_HAL_Driver/Src/stm32f7xx_hal_exti.o
LOAD Drivers/STM32F7xx_HAL_Driver/Src/stm32f7xx_hal_flash.o
LOAD Drivers/STM32F7xx_HAL_Driver/Src/stm32f7xx_hal_flash_ex.o
LOAD Drivers/STM32F7xx_HAL_Driver/Src/stm32f7xx_hal_gpio.o
LOAD Drivers/STM32F7xx_HAL_Driver/Src/stm32f7xx_hal_i2c.o
LOAD Drivers/STM32F7xx_HAL_Driver/Src/stm32f7xx_hal_i2c_ex.o
LOAD Drivers/STM32F7xx_HAL_Driver/Src/stm32f7xx_hal_pwr.o
LOAD Drivers/STM32F7xx_HAL_Driver/Src/stm32f7xx_hal_pwr_ex.o
LOAD Drivers/STM32F7xx_HAL_Driver/Src/stm32f7xx_hal_rcc.o
LOAD Drivers/STM32F7xx_HAL_Driver/Src/stm32f7xx_hal_rcc_ex.o
LOAD Drivers/STM32F7xx_HAL_Driver/Src/stm32f7xx_hal_spi.o
LOAD Drivers/STM32F7xx_HAL_Driver/Src/stm32f7xx_hal_spi_ex.o
LOAD Drivers/STM32F7xx_HAL_Driver/Src/stm32f7xx_hal_tim.o
LOAD Drivers/STM32F7xx_HAL_Driver/Src/stm32f7xx_hal_tim_ex.o
LOAD Drivers/STM32F7xx_HAL_Driver/Src/stm32f7xx_hal_uart.o
LOAD Drivers/STM32F7xx_HAL_Driver/Src/stm32f7xx_hal_uart_ex.o
LOAD FATFS/App/fatfs.o
LOAD FATFS/Target/user_diskio.o
LOAD Middlewares/Third_Party/FatFs/src/diskio.o
LOAD Middlewares/Third_Party/FatFs/src/ff.o
LOAD Middlewares/Third_Party/FatFs/src/ff_gen_drv.o
LOAD Middlewares/Third_Party/FatFs/src/option/syscall.o
START GROUP
LOAD c:/st/stm32cubeide_1.3.0/stm32cubeide/plugins/com.st.stm32cube.ide.mcu.externaltools.gnu-tools-for-stm32.7-2018-q2-update.win32_1.4.0.202007081208/tools/bin/../lib/gcc/arm-none-eabi/7.3.1/../../../../arm-none-eabi/lib/thumb/v7e-m/fpv5/hard\libc_nano.a
LOAD c:/st/stm32cubeide_1.3.0/stm32cubeide/plugins/com.st.stm32cube.ide.mcu.externaltools.gnu-tools-for-stm32.7-2018-q2-update.win32_1.4.0.202007081208/tools/bin/../lib/gcc/arm-none-eabi/7.3.1/../../../../arm-none-eabi/lib/thumb/v7e-m/fpv5/hard\libm.a
END GROUP
START GROUP
LOAD c:/st/stm32cubeide_1.3.0/stm32cubeide/plugins/com.st.stm32cube.ide.mcu.externaltools.gnu-tools-for-stm32.7-2018-q2-update.win32_1.4.0.202007081208/tools/bin/../lib/gcc/arm-none-eabi/7.3.1/thumb/v7e-m/fpv5/hard\libgcc.a
LOAD c:/st/stm32cubeide_1.3.0/stm32cubeide/plugins/com.st.stm32cube.ide.mcu.externaltools.gnu-tools-for-stm32.7-2018-q2-update.win32_1.4.0.202007081208/tools/bin/../lib/gcc/arm-none-eabi/7.3.1/../../../../arm-none-eabi/lib/thumb/v7e-m/fpv5/hard\libc_nano.a
END GROUP
START GROUP
LOAD c:/st/stm32cubeide_1.3.0/stm32cubeide/plugins/com.st.stm32cube.ide.mcu.externaltools.gnu-tools-for-stm32.7-2018-q2-update.win32_1.4.0.202007081208/tools/bin/../lib/gcc/arm-none-eabi/7.3.1/thumb/v7e-m/fpv5/hard\libgcc.a
LOAD c:/st/stm32cubeide_1.3.0/stm32cubeide/plugins/com.st.stm32cube.ide.mcu.externaltools.gnu-tools-for-stm32.7-2018-q2-update.win32_1.4.0.202007081208/tools/bin/../lib/gcc/arm-none-eabi/7.3.1/../../../../arm-none-eabi/lib/thumb/v7e-m/fpv5/hard\libc_nano.a
LOAD c:/st/stm32cubeide_1.3.0/stm32cubeide/plugins/com.st.stm32cube.ide.mcu.externaltools.gnu-tools-for-stm32.7-2018-q2-update.win32_1.4.0.202007081208/tools/bin/../lib/gcc/arm-none-eabi/7.3.1/../../../../arm-none-eabi/lib/thumb/v7e-m/fpv5/hard\libnosys.a
END GROUP
START GROUP
LOAD c:/st/stm32cubeide_1.3.0/stm32cubeide/plugins/com.st.stm32cube.ide.mcu.externaltools.gnu-tools-for-stm32.7-2018-q2-update.win32_1.4.0.202007081208/tools/bin/../lib/gcc/arm-none-eabi/7.3.1/thumb/v7e-m/fpv5/hard\libgcc.a
LOAD c:/st/stm32cubeide_1.3.0/stm32cubeide/plugins/com.st.stm32cube.ide.mcu.externaltools.gnu-tools-for-stm32.7-2018-q2-update.win32_1.4.0.202007081208/tools/bin/../lib/gcc/arm-none-eabi/7.3.1/../../../../arm-none-eabi/lib/thumb/v7e-m/fpv5/hard\libc_nano.a
LOAD c:/st/stm32cubeide_1.3.0/stm32cubeide/plugins/com.st.stm32cube.ide.mcu.externaltools.gnu-tools-for-stm32.7-2018-q2-update.win32_1.4.0.202007081208/tools/bin/../lib/gcc/arm-none-eabi/7.3.1/../../../../arm-none-eabi/lib/thumb/v7e-m/fpv5/hard\libnosys.a
END GROUP
LOAD c:/st/stm32cubeide_1.3.0/stm32cubeide/plugins/com.st.stm32cube.ide.mcu.externaltools.gnu-tools-for-stm32.7-2018-q2-update.win32_1.4.0.202007081208/tools/bin/../lib/gcc/arm-none-eabi/7.3.1/thumb/v7e-m/fpv5/hard/crtend.o
LOAD c:/st/stm32cubeide_1.3.0/stm32cubeide/plugins/com.st.stm32cube.ide.mcu.externaltools.gnu-tools-for-stm32.7-2018-q2-update.win32_1.4.0.202007081208/tools/bin/../lib/gcc/arm-none-eabi/7.3.1/thumb/v7e-m/fpv5/hard/crtn.o
                0x0000000020080000                _estack = (ORIGIN (RAM) + LENGTH (RAM))
                0x0000000000000200                _Min_Heap_Size = 0x200
                0x0000000000000400                _Min_Stack_Size = 0x400

.isr_vector     0x0000000008000000      0x1f8
                0x0000000008000000                . = ALIGN (0x4)
 *(.isr_vector)
 .isr_vector    0x0000000008000000      0x1f8 Core/Startup/startup_stm32f767zitx.o
                0x0000000008000000                g_pfnVectors
                0x00000000080001f8                . = ALIGN (0x4)

.text           0x0000000008000200     0x7fd8
                0x0000000008000200                . = ALIGN (0x4)
 *(.text)
 .text          0x0000000008000200       0x40 c:/st/stm32cubeide_1.3.0/stm32cubeide/plugins/com.st.stm32cube.ide.mcu.externaltools.gnu-tools-for-stm32.7-2018-q2-update.win32_1.4.0.202007081208/tools/bin/../lib/gcc/arm-none-eabi/7.3.1/thumb/v7e-m/fpv5/hard/crtbegin.o
 .text          0x0000000008000240       0x10 c:/st/stm32cubeide_1.3.0/stm32cubeide/plugins/com.st.stm32cube.ide.mcu.externaltools.gnu-tools-for-stm32.7-2018-q2-update.win32_1.4.0.202007081208/tools/bin/../lib/gcc/arm-none-eabi/7.3.1/../../../../arm-none-eabi/lib/thumb/v7e-m/fpv5/hard\libc_nano.a(lib_a-strlen.o)
                0x0000000008000240                strlen
 .text          0x0000000008000250       0xa0 c:/st/stm32cubeide_1.3.0/stm32cubeide/plugins/com.st.stm32cube.ide.mcu.externaltools.gnu-tools-for-stm32.7-2018-q2-update.win32_1.4.0.202007081208/tools/bin/../lib/gcc/arm-none-eabi/7.3.1/../../../../arm-none-eabi/lib/thumb/v7e-m/fpv5/hard\libc_nano.a(lib_a-memchr.o)
                0x0000000008000250                memchr
 .text          0x00000000080002f0       0x30 c:/st/stm32cubeide_1.3.0/stm32cubeide/plugins/com.st.stm32cube.ide.mcu.externaltools.gnu-tools-for-stm32.7-2018-q2-update.win32_1.4.0.202007081208/tools/bin/../lib/gcc/arm-none-eabi/7.3.1/thumb/v7e-m/fpv5/hard\libgcc.a(_aeabi_uldivmod.o)
                0x00000000080002f0                __aeabi_uldivmod
 .text          0x0000000008000320      0x2cc c:/st/stm32cubeide_1.3.0/stm32cubeide/plugins/com.st.stm32cube.ide.mcu.externaltools.gnu-tools-for-stm32.7-2018-q2-update.win32_1.4.0.202007081208/tools/bin/../lib/gcc/arm-none-eabi/7.3.1/thumb/v7e-m/fpv5/hard\libgcc.a(_udivmoddi4.o)
                0x0000000008000320                __udivmoddi4
 .text          0x00000000080005ec        0x4 c:/st/stm32cubeide_1.3.0/stm32cubeide/plugins/com.st.stm32cube.ide.mcu.externaltools.gnu-tools-for-stm32.7-2018-q2-update.win32_1.4.0.202007081208/tools/bin/../lib/gcc/arm-none-eabi/7.3.1/thumb/v7e-m/fpv5/hard\libgcc.a(_dvmd_tls.o)
                0x00000000080005ec                __aeabi_idiv0
                0x00000000080005ec                __aeabi_ldiv0
 *(.text*)
 .text.SELECT   0x00000000080005f0       0x18 Core/Src/fatfs_sd.o
 .text.DESELECT
                0x0000000008000608       0x18 Core/Src/fatfs_sd.o
 .text.SPI_TxByte
                0x0000000008000620       0x34 Core/Src/fatfs_sd.o
 .text.SPI_RxByte
                0x0000000008000654       0x3c Core/Src/fatfs_sd.o
 .text.SPI_RxBytePtr
                0x0000000008000690       0x1c Core/Src/fatfs_sd.o
 .text.SD_ReadyWait
                0x00000000080006ac       0x38 Core/Src/fatfs_sd.o
 .text.SD_PowerOn
                0x00000000080006e4       0x98 Core/Src/fatfs_sd.o
 .text.SD_PowerOff
                0x000000000800077c       0x18 Core/Src/fatfs_sd.o
 .text.SD_CheckPower
                0x0000000008000794       0x18 Core/Src/fatfs_sd.o
 .text.SD_RxDataBlock
                0x00000000080007ac       0x6c Core/Src/fatfs_sd.o
 .text.SD_TxDataBlock
                0x0000000008000818       0xa8 Core/Src/fatfs_sd.o
 .text.SD_SendCmd
                0x00000000080008c0       0xa4 Core/Src/fatfs_sd.o
 .text.SD_disk_initialize
                0x0000000008000964      0x1d4 Core/Src/fatfs_sd.o
                0x0000000008000964                SD_disk_initialize
 .text.SD_disk_status
                0x0000000008000b38       0x2c Core/Src/fatfs_sd.o
                0x0000000008000b38                SD_disk_status
 .text.SD_disk_read
                0x0000000008000b64       0xd4 Core/Src/fatfs_sd.o
                0x0000000008000b64                SD_disk_read
 .text.SD_disk_write
                0x0000000008000c38      0x108 Core/Src/fatfs_sd.o
                0x0000000008000c38                SD_disk_write
 .text.SD_disk_ioctl
                0x0000000008000d40      0x25c Core/Src/fatfs_sd.o
                0x0000000008000d40                SD_disk_ioctl
 .text.MX_GPIO_Init
                0x0000000008000f9c       0x78 Core/Src/gpio.o
                0x0000000008000f9c                MX_GPIO_Init
 .text.SCB_EnableICache
                0x0000000008001014       0x40 Core/Src/main.o
 .text.SCB_EnableDCache
                0x0000000008001054       0x80 Core/Src/main.o
 .text.bufsize  0x00000000080010d4       0x2e Core/Src/main.o
                0x00000000080010d4                bufsize
 *fill*         0x0000000008001102        0x2 
 .text.clear_buffer
                0x0000000008001104       0x34 Core/Src/main.o
                0x0000000008001104                clear_buffer
 .text.send_uart
                0x0000000008001138       0x30 Core/Src/main.o
                0x0000000008001138                send_uart
 .text.main     0x0000000008001168      0x378 Core/Src/main.o
                0x0000000008001168                main
 .text.SystemClock_Config
                0x00000000080014e0      0x120 Core/Src/main.o
                0x00000000080014e0                SystemClock_Config
 .text.Error_Handler
                0x0000000008001600        0xe Core/Src/main.o
                0x0000000008001600                Error_Handler
 *fill*         0x000000000800160e        0x2 
 .text.MX_SPI1_Init
                0x0000000008001610       0x7c Core/Src/spi.o
                0x0000000008001610                MX_SPI1_Init
 .text.HAL_SPI_MspInit
                0x000000000800168c       0xc4 Core/Src/spi.o
                0x000000000800168c                HAL_SPI_MspInit
 .text.HAL_MspInit
                0x0000000008001750       0x48 Core/Src/stm32f7xx_hal_msp.o
                0x0000000008001750                HAL_MspInit
 .text.SDTimer_Handler
                0x0000000008001798       0x48 Core/Src/stm32f7xx_it.o
                0x0000000008001798                SDTimer_Handler
 .text.NMI_Handler
                0x00000000080017e0        0xe Core/Src/stm32f7xx_it.o
                0x00000000080017e0                NMI_Handler
 .text.HardFault_Handler
                0x00000000080017ee        0x6 Core/Src/stm32f7xx_it.o
                0x00000000080017ee                HardFault_Handler
 .text.MemManage_Handler
                0x00000000080017f4        0x6 Core/Src/stm32f7xx_it.o
                0x00000000080017f4                MemManage_Handler
 .text.BusFault_Handler
                0x00000000080017fa        0x6 Core/Src/stm32f7xx_it.o
                0x00000000080017fa                BusFault_Handler
 .text.UsageFault_Handler
                0x0000000008001800        0x6 Core/Src/stm32f7xx_it.o
                0x0000000008001800                UsageFault_Handler
 .text.SVC_Handler
                0x0000000008001806        0xe Core/Src/stm32f7xx_it.o
                0x0000000008001806                SVC_Handler
 .text.DebugMon_Handler
                0x0000000008001814        0xe Core/Src/stm32f7xx_it.o
                0x0000000008001814                DebugMon_Handler
 .text.PendSV_Handler
                0x0000000008001822        0xe Core/Src/stm32f7xx_it.o
                0x0000000008001822                PendSV_Handler
 .text.SysTick_Handler
                0x0000000008001830       0x34 Core/Src/stm32f7xx_it.o
                0x0000000008001830                SysTick_Handler
 .text._sbrk    0x0000000008001864       0x6c Core/Src/sysmem.o
                0x0000000008001864                _sbrk
 .text.SystemInit
                0x00000000080018d0       0x2c Core/Src/system_stm32f7xx.o
                0x00000000080018d0                SystemInit
 .text.MX_USART3_UART_Init
                0x00000000080018fc       0x60 Core/Src/usart.o
                0x00000000080018fc                MX_USART3_UART_Init
 .text.HAL_UART_MspInit
                0x000000000800195c       0x88 Core/Src/usart.o
                0x000000000800195c                HAL_UART_MspInit
 .text.Reset_Handler
                0x00000000080019e4       0x50 Core/Startup/startup_stm32f767zitx.o
                0x00000000080019e4                Reset_Handler
 .text.Default_Handler
                0x0000000008001a34        0x2 Core/Startup/startup_stm32f767zitx.o
                0x0000000008001a34                RTC_Alarm_IRQHandler
                0x0000000008001a34                EXTI2_IRQHandler
                0x0000000008001a34                TIM8_CC_IRQHandler
                0x0000000008001a34                UART8_IRQHandler
                0x0000000008001a34                SPI4_IRQHandler
                0x0000000008001a34                TIM1_CC_IRQHandler
                0x0000000008001a34                DMA2_Stream5_IRQHandler
                0x0000000008001a34                JPEG_IRQHandler
                0x0000000008001a34                DMA1_Stream5_IRQHandler
                0x0000000008001a34                CAN3_RX1_IRQHandler
                0x0000000008001a34                PVD_IRQHandler
                0x0000000008001a34                TAMP_STAMP_IRQHandler
                0x0000000008001a34                CAN2_RX1_IRQHandler
                0x0000000008001a34                EXTI3_IRQHandler
                0x0000000008001a34                TIM8_TRG_COM_TIM14_IRQHandler
                0x0000000008001a34                DFSDM1_FLT1_IRQHandler
                0x0000000008001a34                TIM1_UP_TIM10_IRQHandler
                0x0000000008001a34                TIM8_UP_TIM13_IRQHandler
                0x0000000008001a34                I2C3_ER_IRQHandler
                0x0000000008001a34                DFSDM1_FLT2_IRQHandler
                0x0000000008001a34                EXTI0_IRQHandler
                0x0000000008001a34                I2C2_EV_IRQHandler
                0x0000000008001a34                DMA1_Stream2_IRQHandler
                0x0000000008001a34                CAN1_RX0_IRQHandler
                0x0000000008001a34                FPU_IRQHandler
                0x0000000008001a34                OTG_HS_WKUP_IRQHandler
                0x0000000008001a34                CAN3_SCE_IRQHandler
                0x0000000008001a34                LTDC_ER_IRQHandler
                0x0000000008001a34                CAN2_SCE_IRQHandler
                0x0000000008001a34                DMA2_Stream2_IRQHandler
                0x0000000008001a34                SPI1_IRQHandler
                0x0000000008001a34                TIM6_DAC_IRQHandler
                0x0000000008001a34                TIM1_BRK_TIM9_IRQHandler
                0x0000000008001a34                DCMI_IRQHandler
                0x0000000008001a34                CAN2_RX0_IRQHandler
                0x0000000008001a34                DMA2_Stream3_IRQHandler
                0x0000000008001a34                SAI2_IRQHandler
                0x0000000008001a34                DFSDM1_FLT3_IRQHandler
                0x0000000008001a34                USART6_IRQHandler
                0x0000000008001a34                CAN3_RX0_IRQHandler
                0x0000000008001a34                USART3_IRQHandler
                0x0000000008001a34                CAN1_RX1_IRQHandler
                0x0000000008001a34                UART5_IRQHandler
                0x0000000008001a34                DMA2_Stream0_IRQHandler
                0x0000000008001a34                TIM4_IRQHandler
                0x0000000008001a34                QUADSPI_IRQHandler
                0x0000000008001a34                I2C1_EV_IRQHandler
                0x0000000008001a34                DMA1_Stream6_IRQHandler
                0x0000000008001a34                DMA1_Stream1_IRQHandler
                0x0000000008001a34                UART4_IRQHandler
                0x0000000008001a34                TIM3_IRQHandler
                0x0000000008001a34                RCC_IRQHandler
                0x0000000008001a34                TIM8_BRK_TIM12_IRQHandler
                0x0000000008001a34                Default_Handler
                0x0000000008001a34                CEC_IRQHandler
                0x0000000008001a34                EXTI15_10_IRQHandler
                0x0000000008001a34                ADC_IRQHandler
                0x0000000008001a34                DMA1_Stream7_IRQHandler
                0x0000000008001a34                SPI5_IRQHandler
                0x0000000008001a34                TIM7_IRQHandler
                0x0000000008001a34                SDMMC1_IRQHandler
                0x0000000008001a34                CAN2_TX_IRQHandler
                0x0000000008001a34                TIM5_IRQHandler
                0x0000000008001a34                DMA2_Stream7_IRQHandler
                0x0000000008001a34                I2C3_EV_IRQHandler
                0x0000000008001a34                EXTI9_5_IRQHandler
                0x0000000008001a34                RTC_WKUP_IRQHandler
                0x0000000008001a34                LTDC_IRQHandler
                0x0000000008001a34                ETH_WKUP_IRQHandler
                0x0000000008001a34                SPDIF_RX_IRQHandler
                0x0000000008001a34                SPI2_IRQHandler
                0x0000000008001a34                OTG_HS_EP1_IN_IRQHandler
                0x0000000008001a34                DMA1_Stream0_IRQHandler
                0x0000000008001a34                CAN1_TX_IRQHandler
                0x0000000008001a34                EXTI4_IRQHandler
                0x0000000008001a34                RNG_IRQHandler
                0x0000000008001a34                ETH_IRQHandler
                0x0000000008001a34                OTG_HS_EP1_OUT_IRQHandler
                0x0000000008001a34                WWDG_IRQHandler
                0x0000000008001a34                SPI6_IRQHandler
                0x0000000008001a34                MDIOS_IRQHandler
                0x0000000008001a34                I2C4_EV_IRQHandler
                0x0000000008001a34                CAN3_TX_IRQHandler
                0x0000000008001a34                TIM2_IRQHandler
                0x0000000008001a34                OTG_FS_WKUP_IRQHandler
                0x0000000008001a34                TIM1_TRG_COM_TIM11_IRQHandler
                0x0000000008001a34                OTG_HS_IRQHandler
                0x0000000008001a34                DMA2D_IRQHandler
                0x0000000008001a34                EXTI1_IRQHandler
                0x0000000008001a34                SDMMC2_IRQHandler
                0x0000000008001a34                UART7_IRQHandler
                0x0000000008001a34                USART2_IRQHandler
                0x0000000008001a34                DFSDM1_FLT0_IRQHandler
                0x0000000008001a34                I2C2_ER_IRQHandler
                0x0000000008001a34                DMA2_Stream1_IRQHandler
                0x0000000008001a34                CAN1_SCE_IRQHandler
                0x0000000008001a34                FLASH_IRQHandler
                0x0000000008001a34                DMA2_Stream4_IRQHandler
                0x0000000008001a34                USART1_IRQHandler
                0x0000000008001a34                OTG_FS_IRQHandler
                0x0000000008001a34                SPI3_IRQHandler
                0x0000000008001a34                DMA1_Stream4_IRQHandler
                0x0000000008001a34                I2C1_ER_IRQHandler
                0x0000000008001a34                FMC_IRQHandler
                0x0000000008001a34                LPTIM1_IRQHandler
                0x0000000008001a34                I2C4_ER_IRQHandler
                0x0000000008001a34                DMA2_Stream6_IRQHandler
                0x0000000008001a34                SAI1_IRQHandler
                0x0000000008001a34                DMA1_Stream3_IRQHandler
 .text.HAL_Init
                0x0000000008001a36       0x1a Drivers/STM32F7xx_HAL_Driver/Src/stm32f7xx_hal.o
                0x0000000008001a36                HAL_Init
 .text.HAL_InitTick
                0x0000000008001a50       0x60 Drivers/STM32F7xx_HAL_Driver/Src/stm32f7xx_hal.o
                0x0000000008001a50                HAL_InitTick
 .text.HAL_IncTick
                0x0000000008001ab0       0x28 Drivers/STM32F7xx_HAL_Driver/Src/stm32f7xx_hal.o
                0x0000000008001ab0                HAL_IncTick
 .text.HAL_GetTick
                0x0000000008001ad8       0x18 Drivers/STM32F7xx_HAL_Driver/Src/stm32f7xx_hal.o
                0x0000000008001ad8                HAL_GetTick
 .text.HAL_Delay
                0x0000000008001af0       0x44 Drivers/STM32F7xx_HAL_Driver/Src/stm32f7xx_hal.o
                0x0000000008001af0                HAL_Delay
 .text.__NVIC_SetPriorityGrouping
                0x0000000008001b34       0x48 Drivers/STM32F7xx_HAL_Driver/Src/stm32f7xx_hal_cortex.o
 .text.__NVIC_GetPriorityGrouping
                0x0000000008001b7c       0x1c Drivers/STM32F7xx_HAL_Driver/Src/stm32f7xx_hal_cortex.o
 .text.__NVIC_SetPriority
                0x0000000008001b98       0x54 Drivers/STM32F7xx_HAL_Driver/Src/stm32f7xx_hal_cortex.o
 .text.NVIC_EncodePriority
                0x0000000008001bec       0x66 Drivers/STM32F7xx_HAL_Driver/Src/stm32f7xx_hal_cortex.o
 *fill*         0x0000000008001c52        0x2 
 .text.SysTick_Config
                0x0000000008001c54       0x44 Drivers/STM32F7xx_HAL_Driver/Src/stm32f7xx_hal_cortex.o
 .text.HAL_NVIC_SetPriorityGrouping
                0x0000000008001c98       0x16 Drivers/STM32F7xx_HAL_Driver/Src/stm32f7xx_hal_cortex.o
                0x0000000008001c98                HAL_NVIC_SetPriorityGrouping
 .text.HAL_NVIC_SetPriority
                0x0000000008001cae       0x38 Drivers/STM32F7xx_HAL_Driver/Src/stm32f7xx_hal_cortex.o
                0x0000000008001cae                HAL_NVIC_SetPriority
 .text.HAL_SYSTICK_Config
                0x0000000008001ce6       0x18 Drivers/STM32F7xx_HAL_Driver/Src/stm32f7xx_hal_cortex.o
                0x0000000008001ce6                HAL_SYSTICK_Config
 *fill*         0x0000000008001cfe        0x2 
 .text.HAL_GPIO_Init
                0x0000000008001d00      0x354 Drivers/STM32F7xx_HAL_Driver/Src/stm32f7xx_hal_gpio.o
                0x0000000008001d00                HAL_GPIO_Init
 .text.HAL_GPIO_WritePin
                0x0000000008002054       0x32 Drivers/STM32F7xx_HAL_Driver/Src/stm32f7xx_hal_gpio.o
                0x0000000008002054                HAL_GPIO_WritePin
 *fill*         0x0000000008002086        0x2 
 .text.HAL_PWREx_EnableOverDrive
                0x0000000008002088       0xa0 Drivers/STM32F7xx_HAL_Driver/Src/stm32f7xx_hal_pwr_ex.o
                0x0000000008002088                HAL_PWREx_EnableOverDrive
 .text.HAL_RCC_OscConfig
                0x0000000008002128      0x55c Drivers/STM32F7xx_HAL_Driver/Src/stm32f7xx_hal_rcc.o
                0x0000000008002128                HAL_RCC_OscConfig
 .text.HAL_RCC_ClockConfig
                0x0000000008002684      0x1d8 Drivers/STM32F7xx_HAL_Driver/Src/stm32f7xx_hal_rcc.o
                0x0000000008002684                HAL_RCC_ClockConfig
 .text.HAL_RCC_GetSysClockFreq
                0x000000000800285c      0x164 Drivers/STM32F7xx_HAL_Driver/Src/stm32f7xx_hal_rcc.o
                0x000000000800285c                HAL_RCC_GetSysClockFreq
 .text.HAL_RCC_GetHCLKFreq
                0x00000000080029c0       0x18 Drivers/STM32F7xx_HAL_Driver/Src/stm32f7xx_hal_rcc.o
                0x00000000080029c0                HAL_RCC_GetHCLKFreq
 .text.HAL_RCC_GetPCLK1Freq
                0x00000000080029d8       0x28 Drivers/STM32F7xx_HAL_Driver/Src/stm32f7xx_hal_rcc.o
                0x00000000080029d8                HAL_RCC_GetPCLK1Freq
 .text.HAL_RCC_GetPCLK2Freq
                0x0000000008002a00       0x28 Drivers/STM32F7xx_HAL_Driver/Src/stm32f7xx_hal_rcc.o
                0x0000000008002a00                HAL_RCC_GetPCLK2Freq
 .text.HAL_RCCEx_PeriphCLKConfig
                0x0000000008002a28      0x84c Drivers/STM32F7xx_HAL_Driver/Src/stm32f7xx_hal_rcc_ex.o
                0x0000000008002a28                HAL_RCCEx_PeriphCLKConfig
 .text.HAL_SPI_Init
                0x0000000008003274      0x124 Drivers/STM32F7xx_HAL_Driver/Src/stm32f7xx_hal_spi.o
                0x0000000008003274                HAL_SPI_Init
 .text.HAL_SPI_Transmit
                0x0000000008003398      0x2cc Drivers/STM32F7xx_HAL_Driver/Src/stm32f7xx_hal_spi.o
                0x0000000008003398                HAL_SPI_Transmit
 .text.HAL_SPI_TransmitReceive
                0x0000000008003664      0x426 Drivers/STM32F7xx_HAL_Driver/Src/stm32f7xx_hal_spi.o
                0x0000000008003664                HAL_SPI_TransmitReceive
 .text.HAL_SPI_GetState
                0x0000000008003a8a       0x1c Drivers/STM32F7xx_HAL_Driver/Src/stm32f7xx_hal_spi.o
                0x0000000008003a8a                HAL_SPI_GetState
 .text.SPI_WaitFlagStateUntilTimeout
                0x0000000008003aa6       0xd4 Drivers/STM32F7xx_HAL_Driver/Src/stm32f7xx_hal_spi.o
 .text.SPI_WaitFifoStateUntilTimeout
                0x0000000008003b7a       0xda Drivers/STM32F7xx_HAL_Driver/Src/stm32f7xx_hal_spi.o
 .text.SPI_EndRxTxTransaction
                0x0000000008003c54       0x8c Drivers/STM32F7xx_HAL_Driver/Src/stm32f7xx_hal_spi.o
 .text.HAL_UART_Init
                0x0000000008003ce0       0x9c Drivers/STM32F7xx_HAL_Driver/Src/stm32f7xx_hal_uart.o
                0x0000000008003ce0                HAL_UART_Init
 .text.HAL_UART_Transmit
                0x0000000008003d7c      0x122 Drivers/STM32F7xx_HAL_Driver/Src/stm32f7xx_hal_uart.o
                0x0000000008003d7c                HAL_UART_Transmit
 *fill*         0x0000000008003e9e        0x2 
 .text.UART_SetConfig
                0x0000000008003ea0      0x554 Drivers/STM32F7xx_HAL_Driver/Src/stm32f7xx_hal_uart.o
                0x0000000008003ea0                UART_SetConfig
 .text.UART_AdvFeatureConfig
                0x00000000080043f4      0x144 Drivers/STM32F7xx_HAL_Driver/Src/stm32f7xx_hal_uart.o
                0x00000000080043f4                UART_AdvFeatureConfig
 .text.UART_CheckIdleState
                0x0000000008004538       0x8a Drivers/STM32F7xx_HAL_Driver/Src/stm32f7xx_hal_uart.o
                0x0000000008004538                UART_CheckIdleState
 .text.UART_WaitOnFlagUntilTimeout
                0x00000000080045c2       0xf6 Drivers/STM32F7xx_HAL_Driver/Src/stm32f7xx_hal_uart.o
                0x00000000080045c2                UART_WaitOnFlagUntilTimeout
 .text.MX_FATFS_Init
                0x00000000080046b8       0x24 FATFS/App/fatfs.o
                0x00000000080046b8                MX_FATFS_Init
 .text.get_fattime
                0x00000000080046dc       0x10 FATFS/App/fatfs.o
                0x00000000080046dc                get_fattime
 .text.USER_initialize
                0x00000000080046ec       0x2c FATFS/Target/user_diskio.o
                0x00000000080046ec                USER_initialize
 .text.USER_status
                0x0000000008004718       0x1c FATFS/Target/user_diskio.o
                0x0000000008004718                USER_status
 .text.USER_read
                0x0000000008004734       0x26 FATFS/Target/user_diskio.o
                0x0000000008004734                USER_read
 .text.USER_write
                0x000000000800475a       0x26 FATFS/Target/user_diskio.o
                0x000000000800475a                USER_write
 .text.USER_ioctl
                0x0000000008004780       0x26 FATFS/Target/user_diskio.o
                0x0000000008004780                USER_ioctl
 *fill*         0x00000000080047a6        0x2 
 .text.disk_status
                0x00000000080047a8       0x34 Middlewares/Third_Party/FatFs/src/diskio.o
                0x00000000080047a8                disk_status
 .text.disk_initialize
                0x00000000080047dc       0x4c Middlewares/Third_Party/FatFs/src/diskio.o
                0x00000000080047dc                disk_initialize
 .text.disk_read
                0x0000000008004828       0x40 Middlewares/Third_Party/FatFs/src/diskio.o
                0x0000000008004828                disk_read
 .text.disk_write
                0x0000000008004868       0x40 Middlewares/Third_Party/FatFs/src/diskio.o
                0x0000000008004868                disk_write
 .text.disk_ioctl
                0x00000000080048a8       0x3c Middlewares/Third_Party/FatFs/src/diskio.o
                0x00000000080048a8                disk_ioctl
 .text.ld_word  0x00000000080048e4       0x30 Middlewares/Third_Party/FatFs/src/ff.o
 .text.ld_dword
                0x0000000008004914       0x46 Middlewares/Third_Party/FatFs/src/ff.o
 .text.st_word  0x000000000800495a       0x36 Middlewares/Third_Party/FatFs/src/ff.o
 .text.st_dword
                0x0000000008004990       0x58 Middlewares/Third_Party/FatFs/src/ff.o
 .text.mem_cpy  0x00000000080049e8       0x42 Middlewares/Third_Party/FatFs/src/ff.o
 .text.mem_set  0x0000000008004a2a       0x34 Middlewares/Third_Party/FatFs/src/ff.o
 .text.mem_cmp  0x0000000008004a5e       0x4e Middlewares/Third_Party/FatFs/src/ff.o
 .text.chk_chr  0x0000000008004aac       0x36 Middlewares/Third_Party/FatFs/src/ff.o
 *fill*         0x0000000008004ae2        0x2 
 .text.chk_lock
                0x0000000008004ae4       0xb8 Middlewares/Third_Party/FatFs/src/ff.o
 .text.enq_lock
                0x0000000008004b9c       0x44 Middlewares/Third_Party/FatFs/src/ff.o
 .text.inc_lock
                0x0000000008004be0      0x11c Middlewares/Third_Party/FatFs/src/ff.o
 .text.dec_lock
                0x0000000008004cfc       0x78 Middlewares/Third_Party/FatFs/src/ff.o
 .text.clear_lock
                0x0000000008004d74       0x48 Middlewares/Third_Party/FatFs/src/ff.o
 .text.sync_window
                0x0000000008004dbc       0x88 Middlewares/Third_Party/FatFs/src/ff.o
 .text.move_window
                0x0000000008004e44       0x5a Middlewares/Third_Party/FatFs/src/ff.o
 *fill*         0x0000000008004e9e        0x2 
 .text.sync_fs  0x0000000008004ea0       0xe0 Middlewares/Third_Party/FatFs/src/ff.o
 .text.clust2sect
                0x0000000008004f80       0x3e Middlewares/Third_Party/FatFs/src/ff.o
 .text.get_fat  0x0000000008004fbe      0x1a0 Middlewares/Third_Party/FatFs/src/ff.o
 .text.put_fat  0x000000000800515e      0x22e Middlewares/Third_Party/FatFs/src/ff.o
 .text.remove_chain
                0x000000000800538c       0xca Middlewares/Third_Party/FatFs/src/ff.o
 .text.create_chain
                0x0000000008005456      0x130 Middlewares/Third_Party/FatFs/src/ff.o
 .text.clmt_clust
                0x0000000008005586       0x70 Middlewares/Third_Party/FatFs/src/ff.o
 .text.dir_sdi  0x00000000080055f6      0x112 Middlewares/Third_Party/FatFs/src/ff.o
 .text.dir_next
                0x0000000008005708      0x1ac Middlewares/Third_Party/FatFs/src/ff.o
 .text.dir_alloc
                0x00000000080058b4       0x8e Middlewares/Third_Party/FatFs/src/ff.o
 .text.ld_clust
                0x0000000008005942       0x3e Middlewares/Third_Party/FatFs/src/ff.o
 .text.st_clust
                0x0000000008005980       0x40 Middlewares/Third_Party/FatFs/src/ff.o
 .text.dir_read
                0x00000000080059c0       0xba Middlewares/Third_Party/FatFs/src/ff.o
 .text.dir_find
                0x0000000008005a7a       0xaa Middlewares/Third_Party/FatFs/src/ff.o
 .text.dir_register
                0x0000000008005b24       0x64 Middlewares/Third_Party/FatFs/src/ff.o
 .text.dir_remove
                0x0000000008005b88       0x3c Middlewares/Third_Party/FatFs/src/ff.o
 .text.create_name
                0x0000000008005bc4      0x128 Middlewares/Third_Party/FatFs/src/ff.o
 .text.follow_path
                0x0000000008005cec       0xec Middlewares/Third_Party/FatFs/src/ff.o
 .text.get_ldnumber
                0x0000000008005dd8       0x88 Middlewares/Third_Party/FatFs/src/ff.o
 .text.check_fs
                0x0000000008005e60       0xac Middlewares/Third_Party/FatFs/src/ff.o
 .text.find_volume
                0x0000000008005f0c      0x508 Middlewares/Third_Party/FatFs/src/ff.o
 .text.validate
                0x0000000008006414       0x6a Middlewares/Third_Party/FatFs/src/ff.o
 *fill*         0x000000000800647e        0x2 
 .text.f_mount  0x0000000008006480       0x8c Middlewares/Third_Party/FatFs/src/ff.o
                0x0000000008006480                f_mount
 .text.f_open   0x000000000800650c      0x398 Middlewares/Third_Party/FatFs/src/ff.o
                0x000000000800650c                f_open
 .text.f_read   0x00000000080068a4      0x2be Middlewares/Third_Party/FatFs/src/ff.o
                0x00000000080068a4                f_read
 .text.f_write  0x0000000008006b62      0x328 Middlewares/Third_Party/FatFs/src/ff.o
                0x0000000008006b62                f_write
 .text.f_sync   0x0000000008006e8a       0xfc Middlewares/Third_Party/FatFs/src/ff.o
                0x0000000008006e8a                f_sync
 .text.f_close  0x0000000008006f86       0x54 Middlewares/Third_Party/FatFs/src/ff.o
                0x0000000008006f86                f_close
 .text.f_lseek  0x0000000008006fda      0x448 Middlewares/Third_Party/FatFs/src/ff.o
                0x0000000008006fda                f_lseek
 .text.f_getfree
                0x0000000008007422      0x16a Middlewares/Third_Party/FatFs/src/ff.o
                0x0000000008007422                f_getfree
 .text.f_unlink
                0x000000000800758c      0x156 Middlewares/Third_Party/FatFs/src/ff.o
                0x000000000800758c                f_unlink
 .text.f_gets   0x00000000080076e2       0x7a Middlewares/Third_Party/FatFs/src/ff.o
                0x00000000080076e2                f_gets
 .text.putc_bfd
                0x000000000800775c       0x7a Middlewares/Third_Party/FatFs/src/ff.o
 .text.putc_flush
                0x00000000080077d6       0x4c Middlewares/Third_Party/FatFs/src/ff.o
 .text.putc_init
                0x0000000008007822       0x2a Middlewares/Third_Party/FatFs/src/ff.o
 .text.f_puts   0x000000000800784c       0x48 Middlewares/Third_Party/FatFs/src/ff.o
                0x000000000800784c                f_puts
 .text.FATFS_LinkDriverEx
                0x0000000008007894       0x98 Middlewares/Third_Party/FatFs/src/ff_gen_drv.o
                0x0000000008007894                FATFS_LinkDriverEx
 .text.FATFS_LinkDriver
                0x000000000800792c       0x1e Middlewares/Third_Party/FatFs/src/ff_gen_drv.o
                0x000000000800792c                FATFS_LinkDriver
 *fill*         0x000000000800794a        0x2 
 .text.__errno  0x000000000800794c        0xc c:/st/stm32cubeide_1.3.0/stm32cubeide/plugins/com.st.stm32cube.ide.mcu.externaltools.gnu-tools-for-stm32.7-2018-q2-update.win32_1.4.0.202007081208/tools/bin/../lib/gcc/arm-none-eabi/7.3.1/../../../../arm-none-eabi/lib/thumb/v7e-m/fpv5/hard\libc_nano.a(lib_a-errno.o)
                0x000000000800794c                __errno
 .text.__libc_init_array
                0x0000000008007958       0x48 c:/st/stm32cubeide_1.3.0/stm32cubeide/plugins/com.st.stm32cube.ide.mcu.externaltools.gnu-tools-for-stm32.7-2018-q2-update.win32_1.4.0.202007081208/tools/bin/../lib/gcc/arm-none-eabi/7.3.1/../../../../arm-none-eabi/lib/thumb/v7e-m/fpv5/hard\libc_nano.a(lib_a-init.o)
                0x0000000008007958                __libc_init_array
 .text.memcpy   0x00000000080079a0       0x16 c:/st/stm32cubeide_1.3.0/stm32cubeide/plugins/com.st.stm32cube.ide.mcu.externaltools.gnu-tools-for-stm32.7-2018-q2-update.win32_1.4.0.202007081208/tools/bin/../lib/gcc/arm-none-eabi/7.3.1/../../../../arm-none-eabi/lib/thumb/v7e-m/fpv5/hard\libc_nano.a(lib_a-memcpy-stub.o)
                0x00000000080079a0                memcpy
 .text.memset   0x00000000080079b6       0x10 c:/st/stm32cubeide_1.3.0/stm32cubeide/plugins/com.st.stm32cube.ide.mcu.externaltools.gnu-tools-for-stm32.7-2018-q2-update.win32_1.4.0.202007081208/tools/bin/../lib/gcc/arm-none-eabi/7.3.1/../../../../arm-none-eabi/lib/thumb/v7e-m/fpv5/hard\libc_nano.a(lib_a-memset.o)
                0x00000000080079b6                memset
 *fill*         0x00000000080079c6        0x2 
 .text.sprintf  0x00000000080079c8       0x40 c:/st/stm32cubeide_1.3.0/stm32cubeide/plugins/com.st.stm32cube.ide.mcu.externaltools.gnu-tools-for-stm32.7-2018-q2-update.win32_1.4.0.202007081208/tools/bin/../lib/gcc/arm-none-eabi/7.3.1/../../../../arm-none-eabi/lib/thumb/v7e-m/fpv5/hard\libc_nano.a(lib_a-sprintf.o)
                0x00000000080079c8                siprintf
                0x00000000080079c8                sprintf
 .text.__ssputs_r
                0x0000000008007a08       0xb4 c:/st/stm32cubeide_1.3.0/stm32cubeide/plugins/com.st.stm32cube.ide.mcu.externaltools.gnu-tools-for-stm32.7-2018-q2-update.win32_1.4.0.202007081208/tools/bin/../lib/gcc/arm-none-eabi/7.3.1/../../../../arm-none-eabi/lib/thumb/v7e-m/fpv5/hard\libc_nano.a(lib_a-nano-svfprintf.o)
                0x0000000008007a08                __ssputs_r
 .text._svfprintf_r
                0x0000000008007abc      0x1f0 c:/st/stm32cubeide_1.3.0/stm32cubeide/plugins/com.st.stm32cube.ide.mcu.externaltools.gnu-tools-for-stm32.7-2018-q2-update.win32_1.4.0.202007081208/tools/bin/../lib/gcc/arm-none-eabi/7.3.1/../../../../arm-none-eabi/lib/thumb/v7e-m/fpv5/hard\libc_nano.a(lib_a-nano-svfprintf.o)
                0x0000000008007abc                _svfiprintf_r
                0x0000000008007abc                _svfprintf_r
 .text._printf_common
                0x0000000008007cac       0xea c:/st/stm32cubeide_1.3.0/stm32cubeide/plugins/com.st.stm32cube.ide.mcu.externaltools.gnu-tools-for-stm32.7-2018-q2-update.win32_1.4.0.202007081208/tools/bin/../lib/gcc/arm-none-eabi/7.3.1/../../../../arm-none-eabi/lib/thumb/v7e-m/fpv5/hard\libc_nano.a(lib_a-nano-vfprintf_i.o)
                0x0000000008007cac                _printf_common
 *fill*         0x0000000008007d96        0x2 
 .text._printf_i
                0x0000000008007d98      0x224 c:/st/stm32cubeide_1.3.0/stm32cubeide/plugins/com.st.stm32cube.ide.mcu.externaltools.gnu-tools-for-stm32.7-2018-q2-update.win32_1.4.0.202007081208/tools/bin/../lib/gcc/arm-none-eabi/7.3.1/../../../../arm-none-eabi/lib/thumb/v7e-m/fpv5/hard\libc_nano.a(lib_a-nano-vfprintf_i.o)
                0x0000000008007d98                _printf_i
 .text.memmove  0x0000000008007fbc       0x32 c:/st/stm32cubeide_1.3.0/stm32cubeide/plugins/com.st.stm32cube.ide.mcu.externaltools.gnu-tools-for-stm32.7-2018-q2-update.win32_1.4.0.202007081208/tools/bin/../lib/gcc/arm-none-eabi/7.3.1/../../../../arm-none-eabi/lib/thumb/v7e-m/fpv5/hard\libc_nano.a(lib_a-memmove.o)
                0x0000000008007fbc                memmove
 *fill*         0x0000000008007fee        0x2 
 .text._free_r  0x0000000008007ff0       0x9c c:/st/stm32cubeide_1.3.0/stm32cubeide/plugins/com.st.stm32cube.ide.mcu.externaltools.gnu-tools-for-stm32.7-2018-q2-update.win32_1.4.0.202007081208/tools/bin/../lib/gcc/arm-none-eabi/7.3.1/../../../../arm-none-eabi/lib/thumb/v7e-m/fpv5/hard\libc_nano.a(lib_a-nano-freer.o)
                0x0000000008007ff0                _free_r
 .text._malloc_r
                0x000000000800808c       0xb4 c:/st/stm32cubeide_1.3.0/stm32cubeide/plugins/com.st.stm32cube.ide.mcu.externaltools.gnu-tools-for-stm32.7-2018-q2-update.win32_1.4.0.202007081208/tools/bin/../lib/gcc/arm-none-eabi/7.3.1/../../../../arm-none-eabi/lib/thumb/v7e-m/fpv5/hard\libc_nano.a(lib_a-nano-mallocr.o)
                0x000000000800808c                _malloc_r
 .text._realloc_r
                0x0000000008008140       0x4c c:/st/stm32cubeide_1.3.0/stm32cubeide/plugins/com.st.stm32cube.ide.mcu.externaltools.gnu-tools-for-stm32.7-2018-q2-update.win32_1.4.0.202007081208/tools/bin/../lib/gcc/arm-none-eabi/7.3.1/../../../../arm-none-eabi/lib/thumb/v7e-m/fpv5/hard\libc_nano.a(lib_a-nano-reallocr.o)
                0x0000000008008140                _realloc_r
 .text._sbrk_r  0x000000000800818c       0x20 c:/st/stm32cubeide_1.3.0/stm32cubeide/plugins/com.st.stm32cube.ide.mcu.externaltools.gnu-tools-for-stm32.7-2018-q2-update.win32_1.4.0.202007081208/tools/bin/../lib/gcc/arm-none-eabi/7.3.1/../../../../arm-none-eabi/lib/thumb/v7e-m/fpv5/hard\libc_nano.a(lib_a-sbrkr.o)
                0x000000000800818c                _sbrk_r
 .text.__malloc_lock
                0x00000000080081ac        0x2 c:/st/stm32cubeide_1.3.0/stm32cubeide/plugins/com.st.stm32cube.ide.mcu.externaltools.gnu-tools-for-stm32.7-2018-q2-update.win32_1.4.0.202007081208/tools/bin/../lib/gcc/arm-none-eabi/7.3.1/../../../../arm-none-eabi/lib/thumb/v7e-m/fpv5/hard\libc_nano.a(lib_a-mlock.o)
                0x00000000080081ac                __malloc_lock
 .text.__malloc_unlock
                0x00000000080081ae        0x2 c:/st/stm32cubeide_1.3.0/stm32cubeide/plugins/com.st.stm32cube.ide.mcu.externaltools.gnu-tools-for-stm32.7-2018-q2-update.win32_1.4.0.202007081208/tools/bin/../lib/gcc/arm-none-eabi/7.3.1/../../../../arm-none-eabi/lib/thumb/v7e-m/fpv5/hard\libc_nano.a(lib_a-mlock.o)
                0x00000000080081ae                __malloc_unlock
 .text._malloc_usable_size_r
                0x00000000080081b0       0x10 c:/st/stm32cubeide_1.3.0/stm32cubeide/plugins/com.st.stm32cube.ide.mcu.externaltools.gnu-tools-for-stm32.7-2018-q2-update.win32_1.4.0.202007081208/tools/bin/../lib/gcc/arm-none-eabi/7.3.1/../../../../arm-none-eabi/lib/thumb/v7e-m/fpv5/hard\libc_nano.a(lib_a-nano-msizer.o)
                0x00000000080081b0                _malloc_usable_size_r
 *(.glue_7)
 .glue_7        0x00000000080081c0        0x0 linker stubs
 *(.glue_7t)
 .glue_7t       0x00000000080081c0        0x0 linker stubs
 *(.eh_frame)
 .eh_frame      0x00000000080081c0        0x0 c:/st/stm32cubeide_1.3.0/stm32cubeide/plugins/com.st.stm32cube.ide.mcu.externaltools.gnu-tools-for-stm32.7-2018-q2-update.win32_1.4.0.202007081208/tools/bin/../lib/gcc/arm-none-eabi/7.3.1/thumb/v7e-m/fpv5/hard/crtbegin.o
 *(.init)
 .init          0x00000000080081c0        0x4 c:/st/stm32cubeide_1.3.0/stm32cubeide/plugins/com.st.stm32cube.ide.mcu.externaltools.gnu-tools-for-stm32.7-2018-q2-update.win32_1.4.0.202007081208/tools/bin/../lib/gcc/arm-none-eabi/7.3.1/thumb/v7e-m/fpv5/hard/crti.o
                0x00000000080081c0                _init
 .init          0x00000000080081c4        0x8 c:/st/stm32cubeide_1.3.0/stm32cubeide/plugins/com.st.stm32cube.ide.mcu.externaltools.gnu-tools-for-stm32.7-2018-q2-update.win32_1.4.0.202007081208/tools/bin/../lib/gcc/arm-none-eabi/7.3.1/thumb/v7e-m/fpv5/hard/crtn.o
 *(.fini)
 .fini          0x00000000080081cc        0x4 c:/st/stm32cubeide_1.3.0/stm32cubeide/plugins/com.st.stm32cube.ide.mcu.externaltools.gnu-tools-for-stm32.7-2018-q2-update.win32_1.4.0.202007081208/tools/bin/../lib/gcc/arm-none-eabi/7.3.1/thumb/v7e-m/fpv5/hard/crti.o
                0x00000000080081cc                _fini
 .fini          0x00000000080081d0        0x8 c:/st/stm32cubeide_1.3.0/stm32cubeide/plugins/com.st.stm32cube.ide.mcu.externaltools.gnu-tools-for-stm32.7-2018-q2-update.win32_1.4.0.202007081208/tools/bin/../lib/gcc/arm-none-eabi/7.3.1/thumb/v7e-m/fpv5/hard/crtn.o
                0x00000000080081d8                . = ALIGN (0x4)
                0x00000000080081d8                _etext = .

.vfp11_veneer   0x00000000080081d8        0x0
 .vfp11_veneer  0x00000000080081d8        0x0 linker stubs

.v4_bx          0x00000000080081d8        0x0
 .v4_bx         0x00000000080081d8        0x0 linker stubs

.iplt           0x00000000080081d8        0x0
 .iplt          0x00000000080081d8        0x0 c:/st/stm32cubeide_1.3.0/stm32cubeide/plugins/com.st.stm32cube.ide.mcu.externaltools.gnu-tools-for-stm32.7-2018-q2-update.win32_1.4.0.202007081208/tools/bin/../lib/gcc/arm-none-eabi/7.3.1/thumb/v7e-m/fpv5/hard/crtbegin.o

.rodata         0x00000000080081d8      0x41c
                0x00000000080081d8                . = ALIGN (0x4)
 *(.rodata)
 .rodata        0x00000000080081d8      0x30b Core/Src/main.o
 *fill*         0x00000000080084e3        0x1 
 .rodata        0x00000000080084e4       0x44 Middlewares/Third_Party/FatFs/src/ff.o
 *(.rodata*)
 .rodata.AHBPrescTable
                0x0000000008008528       0x10 Core/Src/system_stm32f7xx.o
                0x0000000008008528                AHBPrescTable
 .rodata.APBPrescTable
                0x0000000008008538        0x8 Core/Src/system_stm32f7xx.o
                0x0000000008008538                APBPrescTable
 .rodata.ExCvt  0x0000000008008540       0x80 Middlewares/Third_Party/FatFs/src/ff.o
 .rodata._svfprintf_r.str1.1
                0x00000000080085c0       0x11 c:/st/stm32cubeide_1.3.0/stm32cubeide/plugins/com.st.stm32cube.ide.mcu.externaltools.gnu-tools-for-stm32.7-2018-q2-update.win32_1.4.0.202007081208/tools/bin/../lib/gcc/arm-none-eabi/7.3.1/../../../../arm-none-eabi/lib/thumb/v7e-m/fpv5/hard\libc_nano.a(lib_a-nano-svfprintf.o)
 .rodata._printf_i.str1.1
                0x00000000080085d1       0x22 c:/st/stm32cubeide_1.3.0/stm32cubeide/plugins/com.st.stm32cube.ide.mcu.externaltools.gnu-tools-for-stm32.7-2018-q2-update.win32_1.4.0.202007081208/tools/bin/../lib/gcc/arm-none-eabi/7.3.1/../../../../arm-none-eabi/lib/thumb/v7e-m/fpv5/hard\libc_nano.a(lib_a-nano-vfprintf_i.o)
                0x00000000080085f4                . = ALIGN (0x4)
 *fill*         0x00000000080085f3        0x1 

.ARM.extab      0x00000000080085f4        0x0
                0x00000000080085f4                . = ALIGN (0x4)
 *(.ARM.extab* .gnu.linkonce.armextab.*)
                0x00000000080085f4                . = ALIGN (0x4)

.ARM            0x00000000080085f4        0x8
                0x00000000080085f4                . = ALIGN (0x4)
                0x00000000080085f4                __exidx_start = .
 *(.ARM.exidx*)
 .ARM.exidx     0x00000000080085f4        0x8 c:/st/stm32cubeide_1.3.0/stm32cubeide/plugins/com.st.stm32cube.ide.mcu.externaltools.gnu-tools-for-stm32.7-2018-q2-update.win32_1.4.0.202007081208/tools/bin/../lib/gcc/arm-none-eabi/7.3.1/thumb/v7e-m/fpv5/hard\libgcc.a(_udivmoddi4.o)
                0x00000000080085fc                __exidx_end = .
                0x00000000080085fc                . = ALIGN (0x4)

.rel.dyn        0x00000000080085fc        0x0
 .rel.iplt      0x00000000080085fc        0x0 c:/st/stm32cubeide_1.3.0/stm32cubeide/plugins/com.st.stm32cube.ide.mcu.externaltools.gnu-tools-for-stm32.7-2018-q2-update.win32_1.4.0.202007081208/tools/bin/../lib/gcc/arm-none-eabi/7.3.1/thumb/v7e-m/fpv5/hard/crtbegin.o

.preinit_array  0x00000000080085fc        0x0
                0x00000000080085fc                . = ALIGN (0x4)
                0x00000000080085fc                PROVIDE (__preinit_array_start = .)
 *(.preinit_array*)
                0x00000000080085fc                PROVIDE (__preinit_array_end = .)
                0x00000000080085fc                . = ALIGN (0x4)

.init_array     0x00000000080085fc        0x4
                0x00000000080085fc                . = ALIGN (0x4)
                0x00000000080085fc                PROVIDE (__init_array_start = .)
 *(SORT_BY_NAME(.init_array.*))
 *(.init_array*)
 .init_array    0x00000000080085fc        0x4 c:/st/stm32cubeide_1.3.0/stm32cubeide/plugins/com.st.stm32cube.ide.mcu.externaltools.gnu-tools-for-stm32.7-2018-q2-update.win32_1.4.0.202007081208/tools/bin/../lib/gcc/arm-none-eabi/7.3.1/thumb/v7e-m/fpv5/hard/crtbegin.o
                0x0000000008008600                PROVIDE (__init_array_end = .)
                0x0000000008008600                . = ALIGN (0x4)

.fini_array     0x0000000008008600        0x4
                0x0000000008008600                . = ALIGN (0x4)
                [!provide]                        PROVIDE (__fini_array_start = .)
 *(SORT_BY_NAME(.fini_array.*))
 *(.fini_array*)
 .fini_array    0x0000000008008600        0x4 c:/st/stm32cubeide_1.3.0/stm32cubeide/plugins/com.st.stm32cube.ide.mcu.externaltools.gnu-tools-for-stm32.7-2018-q2-update.win32_1.4.0.202007081208/tools/bin/../lib/gcc/arm-none-eabi/7.3.1/thumb/v7e-m/fpv5/hard/crtbegin.o
                [!provide]                        PROVIDE (__fini_array_end = .)
                0x0000000008008604                . = ALIGN (0x4)
                0x0000000008008604                _sidata = LOADADDR (.data)

.data           0x0000000020000000       0x88 load address 0x0000000008008604
                0x0000000020000000                . = ALIGN (0x4)
                0x0000000020000000                _sdata = .
 *(.data)
 *(.data*)
 .data.Stat     0x0000000020000000        0x1 Core/Src/fatfs_sd.o
 *fill*         0x0000000020000001        0x3 
 .data.SystemCoreClock
                0x0000000020000004        0x4 Core/Src/system_stm32f7xx.o
                0x0000000020000004                SystemCoreClock
 .data.uwTickPrio
                0x0000000020000008        0x4 Drivers/STM32F7xx_HAL_Driver/Src/stm32f7xx_hal.o
                0x0000000020000008                uwTickPrio
 .data.uwTickFreq
                0x000000002000000c        0x1 Drivers/STM32F7xx_HAL_Driver/Src/stm32f7xx_hal.o
                0x000000002000000c                uwTickFreq
 .data.Stat     0x000000002000000d        0x1 FATFS/Target/user_diskio.o
 *fill*         0x000000002000000e        0x2 
 .data.USER_Driver
                0x0000000020000010       0x14 FATFS/Target/user_diskio.o
                0x0000000020000010                USER_Driver
 .data._impure_ptr
                0x0000000020000024        0x4 c:/st/stm32cubeide_1.3.0/stm32cubeide/plugins/com.st.stm32cube.ide.mcu.externaltools.gnu-tools-for-stm32.7-2018-q2-update.win32_1.4.0.202007081208/tools/bin/../lib/gcc/arm-none-eabi/7.3.1/../../../../arm-none-eabi/lib/thumb/v7e-m/fpv5/hard\libc_nano.a(lib_a-impure.o)
                0x0000000020000024                _impure_ptr
 .data.impure_data
                0x0000000020000028       0x60 c:/st/stm32cubeide_1.3.0/stm32cubeide/plugins/com.st.stm32cube.ide.mcu.externaltools.gnu-tools-for-stm32.7-2018-q2-update.win32_1.4.0.202007081208/tools/bin/../lib/gcc/arm-none-eabi/7.3.1/../../../../arm-none-eabi/lib/thumb/v7e-m/fpv5/hard\libc_nano.a(lib_a-impure.o)
                0x0000000020000088                . = ALIGN (0x4)
                0x0000000020000088                _edata = .

.igot.plt       0x0000000020000088        0x0 load address 0x000000000800868c
 .igot.plt      0x0000000020000088        0x0 c:/st/stm32cubeide_1.3.0/stm32cubeide/plugins/com.st.stm32cube.ide.mcu.externaltools.gnu-tools-for-stm32.7-2018-q2-update.win32_1.4.0.202007081208/tools/bin/../lib/gcc/arm-none-eabi/7.3.1/thumb/v7e-m/fpv5/hard/crtbegin.o
                0x0000000020000088                . = ALIGN (0x4)

.bss            0x0000000020000088     0x42d4 load address 0x000000000800868c
                0x0000000020000088                _sbss = .
                0x0000000020000088                __bss_start__ = _sbss
 *(.bss)
 .bss           0x0000000020000088       0x1c c:/st/stm32cubeide_1.3.0/stm32cubeide/plugins/com.st.stm32cube.ide.mcu.externaltools.gnu-tools-for-stm32.7-2018-q2-update.win32_1.4.0.202007081208/tools/bin/../lib/gcc/arm-none-eabi/7.3.1/thumb/v7e-m/fpv5/hard/crtbegin.o
 *(.bss*)
 .bss.CardType  0x00000000200000a4        0x1 Core/Src/fatfs_sd.o
 .bss.PowerFlag
                0x00000000200000a5        0x1 Core/Src/fatfs_sd.o
 .bss.FatFsCnt  0x00000000200000a6        0x1 Core/Src/stm32f7xx_it.o
                0x00000000200000a6                FatFsCnt
 *fill*         0x00000000200000a7        0x1 
 .bss.__sbrk_heap_end
                0x00000000200000a8        0x4 Core/Src/sysmem.o
 .bss.FatFs     0x00000000200000ac        0x4 Middlewares/Third_Party/FatFs/src/ff.o
 .bss.Fsid      0x00000000200000b0        0x2 Middlewares/Third_Party/FatFs/src/ff.o
 *fill*         0x00000000200000b2        0x2 
 .bss.Files     0x00000000200000b4       0x20 Middlewares/Third_Party/FatFs/src/ff.o
 .bss.disk      0x00000000200000d4        0xc Middlewares/Third_Party/FatFs/src/ff_gen_drv.o
                0x00000000200000d4                disk
 .bss.__malloc_free_list
                0x00000000200000e0        0x4 c:/st/stm32cubeide_1.3.0/stm32cubeide/plugins/com.st.stm32cube.ide.mcu.externaltools.gnu-tools-for-stm32.7-2018-q2-update.win32_1.4.0.202007081208/tools/bin/../lib/gcc/arm-none-eabi/7.3.1/../../../../arm-none-eabi/lib/thumb/v7e-m/fpv5/hard\libc_nano.a(lib_a-nano-mallocr.o)
                0x00000000200000e0                __malloc_free_list
 .bss.__malloc_sbrk_start
                0x00000000200000e4        0x4 c:/st/stm32cubeide_1.3.0/stm32cubeide/plugins/com.st.stm32cube.ide.mcu.externaltools.gnu-tools-for-stm32.7-2018-q2-update.win32_1.4.0.202007081208/tools/bin/../lib/gcc/arm-none-eabi/7.3.1/../../../../arm-none-eabi/lib/thumb/v7e-m/fpv5/hard\libc_nano.a(lib_a-nano-mallocr.o)
                0x00000000200000e4                __malloc_sbrk_start
 *(COMMON)
 COMMON         0x00000000200000e8     0x21fc Core/Src/main.o
                0x00000000200000e8                fre_clust
                0x00000000200000ec                huart3
                0x000000002000016c                fno
                0x0000000020000184                fs
                0x00000000200011b8                br
                0x00000000200011bc                free_space
                0x00000000200011c0                buffer
                0x0000000020001240                bw
                0x0000000020001244                pfs
                0x0000000020001248                fresult
                0x000000002000124c                hspi1
                0x00000000200012b0                total
                0x00000000200012b4                fil
 COMMON         0x00000000200022e4        0x2 Core/Src/stm32f7xx_it.o
                0x00000000200022e4                Timer2
                0x00000000200022e5                Timer1
 *fill*         0x00000000200022e6        0x2 
 COMMON         0x00000000200022e8        0x4 Drivers/STM32F7xx_HAL_Driver/Src/stm32f7xx_hal.o
                0x00000000200022e8                uwTick
 COMMON         0x00000000200022ec     0x206c FATFS/App/fatfs.o
                0x00000000200022ec                USERPath
                0x00000000200022f0                retUSER
                0x00000000200022f4                USERFile
                0x0000000020003324                USERFatFS
 COMMON         0x0000000020004358        0x4 c:/st/stm32cubeide_1.3.0/stm32cubeide/plugins/com.st.stm32cube.ide.mcu.externaltools.gnu-tools-for-stm32.7-2018-q2-update.win32_1.4.0.202007081208/tools/bin/../lib/gcc/arm-none-eabi/7.3.1/../../../../arm-none-eabi/lib/thumb/v7e-m/fpv5/hard\libc_nano.a(lib_a-reent.o)
                0x0000000020004358                errno
                0x000000002000435c                . = ALIGN (0x4)
                0x000000002000435c                _ebss = .
                0x000000002000435c                __bss_end__ = _ebss

._user_heap_stack
                0x000000002000435c      0x604 load address 0x000000000800868c
                0x0000000020004360                . = ALIGN (0x8)
 *fill*         0x000000002000435c        0x4 
                [!provide]                        PROVIDE (end = .)
                0x0000000020004360                PROVIDE (_end = .)
                0x0000000020004560                . = (. + _Min_Heap_Size)
 *fill*         0x0000000020004360      0x200 
                0x0000000020004960                . = (. + _Min_Stack_Size)
 *fill*         0x0000000020004560      0x400 
                0x0000000020004960                . = ALIGN (0x8)

/DISCARD/
 libc.a(*)
 libm.a(*)
 libgcc.a(*)

.ARM.attributes
                0x0000000000000000       0x2e
 *(.ARM.attributes)
 .ARM.attributes
                0x0000000000000000       0x20 c:/st/stm32cubeide_1.3.0/stm32cubeide/plugins/com.st.stm32cube.ide.mcu.externaltools.gnu-tools-for-stm32.7-2018-q2-update.win32_1.4.0.202007081208/tools/bin/../lib/gcc/arm-none-eabi/7.3.1/thumb/v7e-m/fpv5/hard/crti.o
 .ARM.attributes
                0x0000000000000020       0x32 c:/st/stm32cubeide_1.3.0/stm32cubeide/plugins/com.st.stm32cube.ide.mcu.externaltools.gnu-tools-for-stm32.7-2018-q2-update.win32_1.4.0.202007081208/tools/bin/../lib/gcc/arm-none-eabi/7.3.1/thumb/v7e-m/fpv5/hard/crtbegin.o
 .ARM.attributes
                0x0000000000000052       0x37 Core/Src/fatfs_sd.o
 .ARM.attributes
                0x0000000000000089       0x37 Core/Src/gpio.o
 .ARM.attributes
                0x00000000000000c0       0x37 Core/Src/main.o
 .ARM.attributes
                0x00000000000000f7       0x37 Core/Src/spi.o
 .ARM.attributes
                0x000000000000012e       0x37 Core/Src/stm32f7xx_hal_msp.o
 .ARM.attributes
                0x0000000000000165       0x37 Core/Src/stm32f7xx_it.o
 .ARM.attributes
                0x000000000000019c       0x37 Core/Src/sysmem.o
 .ARM.attributes
                0x00000000000001d3       0x37 Core/Src/system_stm32f7xx.o
 .ARM.attributes
                0x000000000000020a       0x37 Core/Src/usart.o
 .ARM.attributes
                0x0000000000000241       0x21 Core/Startup/startup_stm32f767zitx.o
 .ARM.attributes
                0x0000000000000262       0x37 Drivers/STM32F7xx_HAL_Driver/Src/stm32f7xx_hal.o
 .ARM.attributes
                0x0000000000000299       0x37 Drivers/STM32F7xx_HAL_Driver/Src/stm32f7xx_hal_cortex.o
 .ARM.attributes
                0x00000000000002d0       0x37 Drivers/STM32F7xx_HAL_Driver/Src/stm32f7xx_hal_gpio.o
 .ARM.attributes
                0x0000000000000307       0x37 Drivers/STM32F7xx_HAL_Driver/Src/stm32f7xx_hal_pwr_ex.o
 .ARM.attributes
                0x000000000000033e       0x37 Drivers/STM32F7xx_HAL_Driver/Src/stm32f7xx_hal_rcc.o
 .ARM.attributes
                0x0000000000000375       0x37 Drivers/STM32F7xx_HAL_Driver/Src/stm32f7xx_hal_rcc_ex.o
 .ARM.attributes
                0x00000000000003ac       0x37 Drivers/STM32F7xx_HAL_Driver/Src/stm32f7xx_hal_spi.o
 .ARM.attributes
                0x00000000000003e3       0x37 Drivers/STM32F7xx_HAL_Driver/Src/stm32f7xx_hal_uart.o
 .ARM.attributes
                0x000000000000041a       0x37 FATFS/App/fatfs.o
 .ARM.attributes
                0x0000000000000451       0x37 FATFS/Target/user_diskio.o
 .ARM.attributes
                0x0000000000000488       0x37 Middlewares/Third_Party/FatFs/src/diskio.o
 .ARM.attributes
                0x00000000000004bf       0x37 Middlewares/Third_Party/FatFs/src/ff.o
 .ARM.attributes
                0x00000000000004f6       0x37 Middlewares/Third_Party/FatFs/src/ff_gen_drv.o
 .ARM.attributes
                0x000000000000052d       0x32 c:/st/stm32cubeide_1.3.0/stm32cubeide/plugins/com.st.stm32cube.ide.mcu.externaltools.gnu-tools-for-stm32.7-2018-q2-update.win32_1.4.0.202007081208/tools/bin/../lib/gcc/arm-none-eabi/7.3.1/../../../../arm-none-eabi/lib/thumb/v7e-m/fpv5/hard\libc_nano.a(lib_a-errno.o)
 .ARM.attributes
                0x000000000000055f       0x32 c:/st/stm32cubeide_1.3.0/stm32cubeide/plugins/com.st.stm32cube.ide.mcu.externaltools.gnu-tools-for-stm32.7-2018-q2-update.win32_1.4.0.202007081208/tools/bin/../lib/gcc/arm-none-eabi/7.3.1/../../../../arm-none-eabi/lib/thumb/v7e-m/fpv5/hard\libc_nano.a(lib_a-impure.o)
 .ARM.attributes
                0x0000000000000591       0x32 c:/st/stm32cubeide_1.3.0/stm32cubeide/plugins/com.st.stm32cube.ide.mcu.externaltools.gnu-tools-for-stm32.7-2018-q2-update.win32_1.4.0.202007081208/tools/bin/../lib/gcc/arm-none-eabi/7.3.1/../../../../arm-none-eabi/lib/thumb/v7e-m/fpv5/hard\libc_nano.a(lib_a-init.o)
 .ARM.attributes
                0x00000000000005c3       0x32 c:/st/stm32cubeide_1.3.0/stm32cubeide/plugins/com.st.stm32cube.ide.mcu.externaltools.gnu-tools-for-stm32.7-2018-q2-update.win32_1.4.0.202007081208/tools/bin/../lib/gcc/arm-none-eabi/7.3.1/../../../../arm-none-eabi/lib/thumb/v7e-m/fpv5/hard\libc_nano.a(lib_a-memcpy-stub.o)
 .ARM.attributes
                0x00000000000005f5       0x32 c:/st/stm32cubeide_1.3.0/stm32cubeide/plugins/com.st.stm32cube.ide.mcu.externaltools.gnu-tools-for-stm32.7-2018-q2-update.win32_1.4.0.202007081208/tools/bin/../lib/gcc/arm-none-eabi/7.3.1/../../../../arm-none-eabi/lib/thumb/v7e-m/fpv5/hard\libc_nano.a(lib_a-memset.o)
 .ARM.attributes
                0x0000000000000627       0x32 c:/st/stm32cubeide_1.3.0/stm32cubeide/plugins/com.st.stm32cube.ide.mcu.externaltools.gnu-tools-for-stm32.7-2018-q2-update.win32_1.4.0.202007081208/tools/bin/../lib/gcc/arm-none-eabi/7.3.1/../../../../arm-none-eabi/lib/thumb/v7e-m/fpv5/hard\libc_nano.a(lib_a-sprintf.o)
 .ARM.attributes
                0x0000000000000659       0x19 c:/st/stm32cubeide_1.3.0/stm32cubeide/plugins/com.st.stm32cube.ide.mcu.externaltools.gnu-tools-for-stm32.7-2018-q2-update.win32_1.4.0.202007081208/tools/bin/../lib/gcc/arm-none-eabi/7.3.1/../../../../arm-none-eabi/lib/thumb/v7e-m/fpv5/hard\libc_nano.a(lib_a-strlen.o)
 .ARM.attributes
                0x0000000000000672       0x32 c:/st/stm32cubeide_1.3.0/stm32cubeide/plugins/com.st.stm32cube.ide.mcu.externaltools.gnu-tools-for-stm32.7-2018-q2-update.win32_1.4.0.202007081208/tools/bin/../lib/gcc/arm-none-eabi/7.3.1/../../../../arm-none-eabi/lib/thumb/v7e-m/fpv5/hard\libc_nano.a(lib_a-nano-svfprintf.o)
 .ARM.attributes
                0x00000000000006a4       0x32 c:/st/stm32cubeide_1.3.0/stm32cubeide/plugins/com.st.stm32cube.ide.mcu.externaltools.gnu-tools-for-stm32.7-2018-q2-update.win32_1.4.0.202007081208/tools/bin/../lib/gcc/arm-none-eabi/7.3.1/../../../../arm-none-eabi/lib/thumb/v7e-m/fpv5/hard\libc_nano.a(lib_a-nano-vfprintf_i.o)
 .ARM.attributes
                0x00000000000006d6       0x1e c:/st/stm32cubeide_1.3.0/stm32cubeide/plugins/com.st.stm32cube.ide.mcu.externaltools.gnu-tools-for-stm32.7-2018-q2-update.win32_1.4.0.202007081208/tools/bin/../lib/gcc/arm-none-eabi/7.3.1/../../../../arm-none-eabi/lib/thumb/v7e-m/fpv5/hard\libc_nano.a(lib_a-memchr.o)
 .ARM.attributes
                0x00000000000006f4       0x32 c:/st/stm32cubeide_1.3.0/stm32cubeide/plugins/com.st.stm32cube.ide.mcu.externaltools.gnu-tools-for-stm32.7-2018-q2-update.win32_1.4.0.202007081208/tools/bin/../lib/gcc/arm-none-eabi/7.3.1/../../../../arm-none-eabi/lib/thumb/v7e-m/fpv5/hard\libc_nano.a(lib_a-memmove.o)
 .ARM.attributes
                0x0000000000000726       0x32 c:/st/stm32cubeide_1.3.0/stm32cubeide/plugins/com.st.stm32cube.ide.mcu.externaltools.gnu-tools-for-stm32.7-2018-q2-update.win32_1.4.0.202007081208/tools/bin/../lib/gcc/arm-none-eabi/7.3.1/../../../../arm-none-eabi/lib/thumb/v7e-m/fpv5/hard\libc_nano.a(lib_a-nano-freer.o)
 .ARM.attributes
                0x0000000000000758       0x32 c:/st/stm32cubeide_1.3.0/stm32cubeide/plugins/com.st.stm32cube.ide.mcu.externaltools.gnu-tools-for-stm32.7-2018-q2-update.win32_1.4.0.202007081208/tools/bin/../lib/gcc/arm-none-eabi/7.3.1/../../../../arm-none-eabi/lib/thumb/v7e-m/fpv5/hard\libc_nano.a(lib_a-nano-mallocr.o)
 .ARM.attributes
                0x000000000000078a       0x32 c:/st/stm32cubeide_1.3.0/stm32cubeide/plugins/com.st.stm32cube.ide.mcu.externaltools.gnu-tools-for-stm32.7-2018-q2-update.win32_1.4.0.202007081208/tools/bin/../lib/gcc/arm-none-eabi/7.3.1/../../../../arm-none-eabi/lib/thumb/v7e-m/fpv5/hard\libc_nano.a(lib_a-nano-reallocr.o)
 .ARM.attributes
                0x00000000000007bc       0x32 c:/st/stm32cubeide_1.3.0/stm32cubeide/plugins/com.st.stm32cube.ide.mcu.externaltools.gnu-tools-for-stm32.7-2018-q2-update.win32_1.4.0.202007081208/tools/bin/../lib/gcc/arm-none-eabi/7.3.1/../../../../arm-none-eabi/lib/thumb/v7e-m/fpv5/hard\libc_nano.a(lib_a-sbrkr.o)
 .ARM.attributes
                0x00000000000007ee       0x32 c:/st/stm32cubeide_1.3.0/stm32cubeide/plugins/com.st.stm32cube.ide.mcu.externaltools.gnu-tools-for-stm32.7-2018-q2-update.win32_1.4.0.202007081208/tools/bin/../lib/gcc/arm-none-eabi/7.3.1/../../../../arm-none-eabi/lib/thumb/v7e-m/fpv5/hard\libc_nano.a(lib_a-mlock.o)
 .ARM.attributes
                0x0000000000000820       0x32 c:/st/stm32cubeide_1.3.0/stm32cubeide/plugins/com.st.stm32cube.ide.mcu.externaltools.gnu-tools-for-stm32.7-2018-q2-update.win32_1.4.0.202007081208/tools/bin/../lib/gcc/arm-none-eabi/7.3.1/../../../../arm-none-eabi/lib/thumb/v7e-m/fpv5/hard\libc_nano.a(lib_a-nano-msizer.o)
 .ARM.attributes
                0x0000000000000852       0x32 c:/st/stm32cubeide_1.3.0/stm32cubeide/plugins/com.st.stm32cube.ide.mcu.externaltools.gnu-tools-for-stm32.7-2018-q2-update.win32_1.4.0.202007081208/tools/bin/../lib/gcc/arm-none-eabi/7.3.1/../../../../arm-none-eabi/lib/thumb/v7e-m/fpv5/hard\libc_nano.a(lib_a-reent.o)
 .ARM.attributes
                0x0000000000000884       0x20 c:/st/stm32cubeide_1.3.0/stm32cubeide/plugins/com.st.stm32cube.ide.mcu.externaltools.gnu-tools-for-stm32.7-2018-q2-update.win32_1.4.0.202007081208/tools/bin/../lib/gcc/arm-none-eabi/7.3.1/thumb/v7e-m/fpv5/hard\libgcc.a(_aeabi_uldivmod.o)
 .ARM.attributes
                0x00000000000008a4       0x32 c:/st/stm32cubeide_1.3.0/stm32cubeide/plugins/com.st.stm32cube.ide.mcu.externaltools.gnu-tools-for-stm32.7-2018-q2-update.win32_1.4.0.202007081208/tools/bin/../lib/gcc/arm-none-eabi/7.3.1/thumb/v7e-m/fpv5/hard\libgcc.a(_udivmoddi4.o)
 .ARM.attributes
                0x00000000000008d6       0x20 c:/st/stm32cubeide_1.3.0/stm32cubeide/plugins/com.st.stm32cube.ide.mcu.externaltools.gnu-tools-for-stm32.7-2018-q2-update.win32_1.4.0.202007081208/tools/bin/../lib/gcc/arm-none-eabi/7.3.1/thumb/v7e-m/fpv5/hard\libgcc.a(_dvmd_tls.o)
 .ARM.attributes
                0x00000000000008f6       0x20 c:/st/stm32cubeide_1.3.0/stm32cubeide/plugins/com.st.stm32cube.ide.mcu.externaltools.gnu-tools-for-stm32.7-2018-q2-update.win32_1.4.0.202007081208/tools/bin/../lib/gcc/arm-none-eabi/7.3.1/thumb/v7e-m/fpv5/hard/crtn.o
OUTPUT(F767ZIFSUnitTest.elf elf32-littlearm)

.debug_info     0x0000000000000000    0x12aac
 .debug_info    0x0000000000000000      0xc35 Core/Src/fatfs_sd.o
 .debug_info    0x0000000000000c35      0x3c1 Core/Src/gpio.o
 .debug_info    0x0000000000000ff6     0x223e Core/Src/main.o
 .debug_info    0x0000000000003234      0xa1e Core/Src/spi.o
 .debug_info    0x0000000000003c52      0x389 Core/Src/stm32f7xx_hal_msp.o
 .debug_info    0x0000000000003fdb      0x74e Core/Src/stm32f7xx_it.o
 .debug_info    0x0000000000004729      0x985 Core/Src/sysmem.o
 .debug_info    0x00000000000050ae      0x73d Core/Src/system_stm32f7xx.o
 .debug_info    0x00000000000057eb      0xa48 Core/Src/usart.o
 .debug_info    0x0000000000006233       0x22 Core/Startup/startup_stm32f767zitx.o
 .debug_info    0x0000000000006255      0xa46 Drivers/STM32F7xx_HAL_Driver/Src/stm32f7xx_hal.o
 .debug_info    0x0000000000006c9b     0x108c Drivers/STM32F7xx_HAL_Driver/Src/stm32f7xx_hal_cortex.o
 .debug_info    0x0000000000007d27      0x7e9 Drivers/STM32F7xx_HAL_Driver/Src/stm32f7xx_hal_gpio.o
 .debug_info    0x0000000000008510      0x96b Drivers/STM32F7xx_HAL_Driver/Src/stm32f7xx_hal_pwr_ex.o
 .debug_info    0x0000000000008e7b      0x996 Drivers/STM32F7xx_HAL_Driver/Src/stm32f7xx_hal_rcc.o
 .debug_info    0x0000000000009811      0x7d1 Drivers/STM32F7xx_HAL_Driver/Src/stm32f7xx_hal_rcc_ex.o
 .debug_info    0x0000000000009fe2     0x166a Drivers/STM32F7xx_HAL_Driver/Src/stm32f7xx_hal_spi.o
 .debug_info    0x000000000000b64c     0x16f7 Drivers/STM32F7xx_HAL_Driver/Src/stm32f7xx_hal_uart.o
 .debug_info    0x000000000000cd43      0xd8d FATFS/App/fatfs.o
 .debug_info    0x000000000000dad0      0xc29 FATFS/Target/user_diskio.o
 .debug_info    0x000000000000e6f9      0xcdc Middlewares/Third_Party/FatFs/src/diskio.o
 .debug_info    0x000000000000f3d5     0x2a63 Middlewares/Third_Party/FatFs/src/ff.o
 .debug_info    0x0000000000011e38      0xc74 Middlewares/Third_Party/FatFs/src/ff_gen_drv.o

.debug_abbrev   0x0000000000000000     0x2a80
 .debug_abbrev  0x0000000000000000      0x262 Core/Src/fatfs_sd.o
 .debug_abbrev  0x0000000000000262      0x109 Core/Src/gpio.o
 .debug_abbrev  0x000000000000036b      0x345 Core/Src/main.o
 .debug_abbrev  0x00000000000006b0      0x199 Core/Src/spi.o
 .debug_abbrev  0x0000000000000849      0x109 Core/Src/stm32f7xx_hal_msp.o
 .debug_abbrev  0x0000000000000952      0x169 Core/Src/stm32f7xx_it.o
 .debug_abbrev  0x0000000000000abb      0x19b Core/Src/sysmem.o
 .debug_abbrev  0x0000000000000c56      0x147 Core/Src/system_stm32f7xx.o
 .debug_abbrev  0x0000000000000d9d      0x199 Core/Src/usart.o
 .debug_abbrev  0x0000000000000f36       0x12 Core/Startup/startup_stm32f767zitx.o
 .debug_abbrev  0x0000000000000f48      0x1c7 Drivers/STM32F7xx_HAL_Driver/Src/stm32f7xx_hal.o
 .debug_abbrev  0x000000000000110f      0x2fa Drivers/STM32F7xx_HAL_Driver/Src/stm32f7xx_hal_cortex.o
 .debug_abbrev  0x0000000000001409      0x1c9 Drivers/STM32F7xx_HAL_Driver/Src/stm32f7xx_hal_gpio.o
 .debug_abbrev  0x00000000000015d2      0x1b8 Drivers/STM32F7xx_HAL_Driver/Src/stm32f7xx_hal_pwr_ex.o
 .debug_abbrev  0x000000000000178a      0x268 Drivers/STM32F7xx_HAL_Driver/Src/stm32f7xx_hal_rcc.o
 .debug_abbrev  0x00000000000019f2      0x1ad Drivers/STM32F7xx_HAL_Driver/Src/stm32f7xx_hal_rcc_ex.o
 .debug_abbrev  0x0000000000001b9f      0x228 Drivers/STM32F7xx_HAL_Driver/Src/stm32f7xx_hal_spi.o
 .debug_abbrev  0x0000000000001dc7      0x205 Drivers/STM32F7xx_HAL_Driver/Src/stm32f7xx_hal_uart.o
 .debug_abbrev  0x0000000000001fcc      0x1df FATFS/App/fatfs.o
 .debug_abbrev  0x00000000000021ab      0x1f1 FATFS/Target/user_diskio.o
 .debug_abbrev  0x000000000000239c      0x209 Middlewares/Third_Party/FatFs/src/diskio.o
 .debug_abbrev  0x00000000000025a5      0x2a5 Middlewares/Third_Party/FatFs/src/ff.o
 .debug_abbrev  0x000000000000284a      0x236 Middlewares/Third_Party/FatFs/src/ff_gen_drv.o

.debug_aranges  0x0000000000000000      0xd38
 .debug_aranges
                0x0000000000000000       0xa0 Core/Src/fatfs_sd.o
 .debug_aranges
                0x00000000000000a0       0x20 Core/Src/gpio.o
 .debug_aranges
                0x00000000000000c0       0x60 Core/Src/main.o
 .debug_aranges
                0x0000000000000120       0x30 Core/Src/spi.o
 .debug_aranges
                0x0000000000000150       0x20 Core/Src/stm32f7xx_hal_msp.o
 .debug_aranges
                0x0000000000000170       0x68 Core/Src/stm32f7xx_it.o
 .debug_aranges
                0x00000000000001d8       0x20 Core/Src/sysmem.o
 .debug_aranges
                0x00000000000001f8       0x28 Core/Src/system_stm32f7xx.o
 .debug_aranges
                0x0000000000000220       0x30 Core/Src/usart.o
 .debug_aranges
                0x0000000000000250       0x28 Core/Startup/startup_stm32f767zitx.o
 .debug_aranges
                0x0000000000000278      0x110 Drivers/STM32F7xx_HAL_Driver/Src/stm32f7xx_hal.o
 .debug_aranges
                0x0000000000000388      0x118 Drivers/STM32F7xx_HAL_Driver/Src/stm32f7xx_hal_cortex.o
 .debug_aranges
                0x00000000000004a0       0x58 Drivers/STM32F7xx_HAL_Driver/Src/stm32f7xx_hal_gpio.o
 .debug_aranges
                0x00000000000004f8       0x80 Drivers/STM32F7xx_HAL_Driver/Src/stm32f7xx_hal_pwr_ex.o
 .debug_aranges
                0x0000000000000578       0x88 Drivers/STM32F7xx_HAL_Driver/Src/stm32f7xx_hal_rcc.o
 .debug_aranges
                0x0000000000000600       0x50 Drivers/STM32F7xx_HAL_Driver/Src/stm32f7xx_hal_rcc_ex.o
 .debug_aranges
                0x0000000000000650      0x1d8 Drivers/STM32F7xx_HAL_Driver/Src/stm32f7xx_hal_spi.o
 .debug_aranges
                0x0000000000000828      0x218 Drivers/STM32F7xx_HAL_Driver/Src/stm32f7xx_hal_uart.o
 .debug_aranges
                0x0000000000000a40       0x28 FATFS/App/fatfs.o
 .debug_aranges
                0x0000000000000a68       0x40 FATFS/Target/user_diskio.o
 .debug_aranges
                0x0000000000000aa8       0x48 Middlewares/Third_Party/FatFs/src/diskio.o
 .debug_aranges
                0x0000000000000af0      0x208 Middlewares/Third_Party/FatFs/src/ff.o
 .debug_aranges
                0x0000000000000cf8       0x40 Middlewares/Third_Party/FatFs/src/ff_gen_drv.o

.debug_ranges   0x0000000000000000      0xbd0
 .debug_ranges  0x0000000000000000       0x90 Core/Src/fatfs_sd.o
 .debug_ranges  0x0000000000000090       0x10 Core/Src/gpio.o
 .debug_ranges  0x00000000000000a0       0x50 Core/Src/main.o
 .debug_ranges  0x00000000000000f0       0x20 Core/Src/spi.o
 .debug_ranges  0x0000000000000110       0x10 Core/Src/stm32f7xx_hal_msp.o
 .debug_ranges  0x0000000000000120       0x58 Core/Src/stm32f7xx_it.o
 .debug_ranges  0x0000000000000178       0x10 Core/Src/sysmem.o
 .debug_ranges  0x0000000000000188       0x18 Core/Src/system_stm32f7xx.o
 .debug_ranges  0x00000000000001a0       0x20 Core/Src/usart.o
 .debug_ranges  0x00000000000001c0       0x20 Core/Startup/startup_stm32f767zitx.o
 .debug_ranges  0x00000000000001e0      0x100 Drivers/STM32F7xx_HAL_Driver/Src/stm32f7xx_hal.o
 .debug_ranges  0x00000000000002e0      0x108 Drivers/STM32F7xx_HAL_Driver/Src/stm32f7xx_hal_cortex.o
 .debug_ranges  0x00000000000003e8       0x48 Drivers/STM32F7xx_HAL_Driver/Src/stm32f7xx_hal_gpio.o
 .debug_ranges  0x0000000000000430       0x70 Drivers/STM32F7xx_HAL_Driver/Src/stm32f7xx_hal_pwr_ex.o
 .debug_ranges  0x00000000000004a0       0x78 Drivers/STM32F7xx_HAL_Driver/Src/stm32f7xx_hal_rcc.o
 .debug_ranges  0x0000000000000518       0x40 Drivers/STM32F7xx_HAL_Driver/Src/stm32f7xx_hal_rcc_ex.o
 .debug_ranges  0x0000000000000558      0x1c8 Drivers/STM32F7xx_HAL_Driver/Src/stm32f7xx_hal_spi.o
 .debug_ranges  0x0000000000000720      0x208 Drivers/STM32F7xx_HAL_Driver/Src/stm32f7xx_hal_uart.o
 .debug_ranges  0x0000000000000928       0x18 FATFS/App/fatfs.o
 .debug_ranges  0x0000000000000940       0x30 FATFS/Target/user_diskio.o
 .debug_ranges  0x0000000000000970       0x38 Middlewares/Third_Party/FatFs/src/diskio.o
 .debug_ranges  0x00000000000009a8      0x1f8 Middlewares/Third_Party/FatFs/src/ff.o
 .debug_ranges  0x0000000000000ba0       0x30 Middlewares/Third_Party/FatFs/src/ff_gen_drv.o

.debug_macro    0x0000000000000000    0x29378
 .debug_macro   0x0000000000000000      0x223 Core/Src/fatfs_sd.o
 .debug_macro   0x0000000000000223      0xa66 Core/Src/fatfs_sd.o
 .debug_macro   0x0000000000000c89      0x293 Core/Src/fatfs_sd.o
 .debug_macro   0x0000000000000f1c       0x2e Core/Src/fatfs_sd.o
 .debug_macro   0x0000000000000f4a       0x3b Core/Src/fatfs_sd.o
 .debug_macro   0x0000000000000f85       0x22 Core/Src/fatfs_sd.o
 .debug_macro   0x0000000000000fa7       0x8e Core/Src/fatfs_sd.o
 .debug_macro   0x0000000000001035       0x51 Core/Src/fatfs_sd.o
 .debug_macro   0x0000000000001086       0xef Core/Src/fatfs_sd.o
 .debug_macro   0x0000000000001175       0x6a Core/Src/fatfs_sd.o
 .debug_macro   0x00000000000011df      0x1df Core/Src/fatfs_sd.o
 .debug_macro   0x00000000000013be       0x1c Core/Src/fatfs_sd.o
 .debug_macro   0x00000000000013da       0x22 Core/Src/fatfs_sd.o
 .debug_macro   0x00000000000013fc       0xdf Core/Src/fatfs_sd.o
 .debug_macro   0x00000000000014db     0x12cd Core/Src/fatfs_sd.o
 .debug_macro   0x00000000000027a8      0x11f Core/Src/fatfs_sd.o
 .debug_macro   0x00000000000028c7       0x19 Core/Src/fatfs_sd.o
 .debug_macro   0x00000000000028e0    0x1a9b4 Core/Src/fatfs_sd.o
 .debug_macro   0x000000000001d294       0x43 Core/Src/fatfs_sd.o
 .debug_macro   0x000000000001d2d7     0x36b4 Core/Src/fatfs_sd.o
 .debug_macro   0x000000000002098b      0x174 Core/Src/fatfs_sd.o
 .debug_macro   0x0000000000020aff       0x61 Core/Src/fatfs_sd.o
 .debug_macro   0x0000000000020b60     0x1add Core/Src/fatfs_sd.o
 .debug_macro   0x000000000002263d      0x6c4 Core/Src/fatfs_sd.o
 .debug_macro   0x0000000000022d01      0x18b Core/Src/fatfs_sd.o
 .debug_macro   0x0000000000022e8c      0x117 Core/Src/fatfs_sd.o
 .debug_macro   0x0000000000022fa3      0x26f Core/Src/fatfs_sd.o
 .debug_macro   0x0000000000023212       0x27 Core/Src/fatfs_sd.o
 .debug_macro   0x0000000000023239      0x24f Core/Src/fatfs_sd.o
 .debug_macro   0x0000000000023488       0x71 Core/Src/fatfs_sd.o
 .debug_macro   0x00000000000234f9       0x58 Core/Src/fatfs_sd.o
 .debug_macro   0x0000000000023551      0x236 Core/Src/fatfs_sd.o
 .debug_macro   0x0000000000023787      0x14f Core/Src/fatfs_sd.o
 .debug_macro   0x00000000000238d6      0x3dc Core/Src/fatfs_sd.o
 .debug_macro   0x0000000000023cb2       0x12 Core/Src/fatfs_sd.o
 .debug_macro   0x0000000000023cc4      0x22c Core/Src/fatfs_sd.o
 .debug_macro   0x0000000000023ef0       0x61 Core/Src/fatfs_sd.o
 .debug_macro   0x0000000000023f51       0xa5 Core/Src/fatfs_sd.o
 .debug_macro   0x0000000000023ff6      0x12f Core/Src/fatfs_sd.o
 .debug_macro   0x0000000000024125      0x108 Core/Src/fatfs_sd.o
 .debug_macro   0x000000000002422d       0x35 Core/Src/fatfs_sd.o
 .debug_macro   0x0000000000024262      0x2fe Core/Src/fatfs_sd.o
 .debug_macro   0x0000000000024560      0x589 Core/Src/fatfs_sd.o
 .debug_macro   0x0000000000024ae9       0x44 Core/Src/fatfs_sd.o
 .debug_macro   0x0000000000024b2d      0x15c Core/Src/fatfs_sd.o
 .debug_macro   0x0000000000024c89       0x16 Core/Src/fatfs_sd.o
 .debug_macro   0x0000000000024c9f       0x7c Core/Src/fatfs_sd.o
 .debug_macro   0x0000000000024d1b       0x88 Core/Src/fatfs_sd.o
 .debug_macro   0x0000000000024da3      0x1f8 Core/Src/gpio.o
 .debug_macro   0x0000000000024f9b      0x426 Core/Src/main.o
 .debug_macro   0x00000000000253c1       0xeb Core/Src/main.o
 .debug_macro   0x00000000000254ac       0x17 Core/Src/main.o
 .debug_macro   0x00000000000254c3       0x46 Core/Src/main.o
 .debug_macro   0x0000000000025509       0x3c Core/Src/main.o
 .debug_macro   0x0000000000025545       0x34 Core/Src/main.o
 .debug_macro   0x0000000000025579       0x16 Core/Src/main.o
 .debug_macro   0x000000000002558f       0x35 Core/Src/main.o
 .debug_macro   0x00000000000255c4       0x52 Core/Src/main.o
 .debug_macro   0x0000000000025616       0x1f Core/Src/main.o
 .debug_macro   0x0000000000025635       0x43 Core/Src/main.o
 .debug_macro   0x0000000000025678       0x20 Core/Src/main.o
 .debug_macro   0x0000000000025698      0x1a3 Core/Src/main.o
 .debug_macro   0x000000000002583b      0x32a Core/Src/main.o
 .debug_macro   0x0000000000025b65       0x16 Core/Src/main.o
 .debug_macro   0x0000000000025b7b       0x29 Core/Src/main.o
 .debug_macro   0x0000000000025ba4       0x12 Core/Src/main.o
 .debug_macro   0x0000000000025bb6       0xe2 Core/Src/main.o
 .debug_macro   0x0000000000025c98       0x8e Core/Src/main.o
 .debug_macro   0x0000000000025d26       0x16 Core/Src/main.o
 .debug_macro   0x0000000000025d3c       0x20 Core/Src/main.o
 .debug_macro   0x0000000000025d5c       0x1c Core/Src/main.o
 .debug_macro   0x0000000000025d78       0x10 Core/Src/main.o
 .debug_macro   0x0000000000025d88       0x10 Core/Src/main.o
 .debug_macro   0x0000000000025d98       0x1c Core/Src/main.o
 .debug_macro   0x0000000000025db4       0x52 Core/Src/main.o
 .debug_macro   0x0000000000025e06       0x40 Core/Src/main.o
 .debug_macro   0x0000000000025e46       0x10 Core/Src/main.o
 .debug_macro   0x0000000000025e56       0x40 Core/Src/main.o
 .debug_macro   0x0000000000025e96       0xd7 Core/Src/main.o
 .debug_macro   0x0000000000025f6d       0x1c Core/Src/main.o
 .debug_macro   0x0000000000025f89       0x3d Core/Src/main.o
 .debug_macro   0x0000000000025fc6       0x16 Core/Src/main.o
 .debug_macro   0x0000000000025fdc      0x145 Core/Src/main.o
 .debug_macro   0x0000000000026121      0x1f8 Core/Src/spi.o
 .debug_macro   0x0000000000026319      0x1ee Core/Src/stm32f7xx_hal_msp.o
 .debug_macro   0x0000000000026507      0x1f8 Core/Src/stm32f7xx_it.o
 .debug_macro   0x00000000000266ff       0xee Core/Src/sysmem.o
 .debug_macro   0x00000000000267ed      0x23b Core/Src/sysmem.o
 .debug_macro   0x0000000000026a28      0x1ea Core/Src/system_stm32f7xx.o
 .debug_macro   0x0000000000026c12      0x1f8 Core/Src/usart.o
 .debug_macro   0x0000000000026e0a      0x208 Drivers/STM32F7xx_HAL_Driver/Src/stm32f7xx_hal.o
 .debug_macro   0x0000000000027012      0x1e4 Drivers/STM32F7xx_HAL_Driver/Src/stm32f7xx_hal_cortex.o
 .debug_macro   0x00000000000271f6      0x21a Drivers/STM32F7xx_HAL_Driver/Src/stm32f7xx_hal_gpio.o
 .debug_macro   0x0000000000027410      0x1fc Drivers/STM32F7xx_HAL_Driver/Src/stm32f7xx_hal_pwr_ex.o
 .debug_macro   0x000000000002760c      0x208 Drivers/STM32F7xx_HAL_Driver/Src/stm32f7xx_hal_rcc.o
 .debug_macro   0x0000000000027814      0x1e4 Drivers/STM32F7xx_HAL_Driver/Src/stm32f7xx_hal_rcc_ex.o
 .debug_macro   0x00000000000279f8      0x1ec Drivers/STM32F7xx_HAL_Driver/Src/stm32f7xx_hal_spi.o
 .debug_macro   0x0000000000027be4      0x201 Drivers/STM32F7xx_HAL_Driver/Src/stm32f7xx_hal_uart.o
 .debug_macro   0x0000000000027de5      0x306 FATFS/App/fatfs.o
 .debug_macro   0x00000000000280eb       0xe5 FATFS/App/fatfs.o
 .debug_macro   0x00000000000281d0      0x32c FATFS/Target/user_diskio.o
 .debug_macro   0x00000000000284fc       0x10 FATFS/Target/user_diskio.o
 .debug_macro   0x000000000002850c       0xd9 FATFS/Target/user_diskio.o
 .debug_macro   0x00000000000285e5       0x5b FATFS/Target/user_diskio.o
 .debug_macro   0x0000000000028640      0x2f3 Middlewares/Third_Party/FatFs/src/diskio.o
 .debug_macro   0x0000000000028933      0x6fa Middlewares/Third_Party/FatFs/src/ff.o
 .debug_macro   0x000000000002902d       0x58 Middlewares/Third_Party/FatFs/src/ff.o
 .debug_macro   0x0000000000029085      0x2f3 Middlewares/Third_Party/FatFs/src/ff_gen_drv.o

.debug_line     0x0000000000000000     0xe187
 .debug_line    0x0000000000000000      0xa4e Core/Src/fatfs_sd.o
 .debug_line    0x0000000000000a4e      0x6ea Core/Src/gpio.o
 .debug_line    0x0000000000001138      0xb86 Core/Src/main.o
 .debug_line    0x0000000000001cbe      0x72a Core/Src/spi.o
 .debug_line    0x00000000000023e8      0x6ec Core/Src/stm32f7xx_hal_msp.o
 .debug_line    0x0000000000002ad4      0x7a8 Core/Src/stm32f7xx_it.o
 .debug_line    0x000000000000327c      0x4c7 Core/Src/sysmem.o
 .debug_line    0x0000000000003743      0x705 Core/Src/system_stm32f7xx.o
 .debug_line    0x0000000000003e48      0x722 Core/Src/usart.o
 .debug_line    0x000000000000456a       0x85 Core/Startup/startup_stm32f767zitx.o
 .debug_line    0x00000000000045ef      0x938 Drivers/STM32F7xx_HAL_Driver/Src/stm32f7xx_hal.o
 .debug_line    0x0000000000004f27      0xa15 Drivers/STM32F7xx_HAL_Driver/Src/stm32f7xx_hal_cortex.o
 .debug_line    0x000000000000593c      0x8f9 Drivers/STM32F7xx_HAL_Driver/Src/stm32f7xx_hal_gpio.o
 .debug_line    0x0000000000006235      0x835 Drivers/STM32F7xx_HAL_Driver/Src/stm32f7xx_hal_pwr_ex.o
 .debug_line    0x0000000000006a6a      0x99e Drivers/STM32F7xx_HAL_Driver/Src/stm32f7xx_hal_rcc.o
 .debug_line    0x0000000000007408      0x915 Drivers/STM32F7xx_HAL_Driver/Src/stm32f7xx_hal_rcc_ex.o
 .debug_line    0x0000000000007d1d     0x1167 Drivers/STM32F7xx_HAL_Driver/Src/stm32f7xx_hal_spi.o
 .debug_line    0x0000000000008e84     0x12b8 Drivers/STM32F7xx_HAL_Driver/Src/stm32f7xx_hal_uart.o
 .debug_line    0x000000000000a13c      0x8c4 FATFS/App/fatfs.o
 .debug_line    0x000000000000aa00      0x91a FATFS/Target/user_diskio.o
 .debug_line    0x000000000000b31a      0x8ec Middlewares/Third_Party/FatFs/src/diskio.o
 .debug_line    0x000000000000bc06     0x1c95 Middlewares/Third_Party/FatFs/src/ff.o
 .debug_line    0x000000000000d89b      0x8ec Middlewares/Third_Party/FatFs/src/ff_gen_drv.o

.debug_str      0x0000000000000000    0xf4a7c
 .debug_str     0x0000000000000000    0xebdb0 Core/Src/fatfs_sd.o
                                      0xec513 (size before relaxing)
 .debug_str     0x00000000000ebdb0      0x14f Core/Src/gpio.o
                                      0xebd13 (size before relaxing)
 .debug_str     0x00000000000ebeff     0x4fbb Core/Src/main.o
                                      0xf1585 (size before relaxing)
 .debug_str     0x00000000000f0eba       0x81 Core/Src/spi.o
                                      0xec228 (size before relaxing)
 .debug_str     0x00000000000f0f3b       0x2c Core/Src/stm32f7xx_hal_msp.o
                                      0xebd15 (size before relaxing)
 .debug_str     0x00000000000f0f67       0xd6 Core/Src/stm32f7xx_it.o
                                      0xec10a (size before relaxing)
 .debug_str     0x00000000000f103d      0x4e9 Core/Src/sysmem.o
                                       0x5f7e (size before relaxing)
 .debug_str     0x00000000000f1526       0x70 Core/Src/system_stm32f7xx.o
                                      0xebe65 (size before relaxing)
 .debug_str     0x00000000000f1596       0x57 Core/Src/usart.o
                                      0xec21c (size before relaxing)
 .debug_str     0x00000000000f15ed       0x36 Core/Startup/startup_stm32f767zitx.o
                                         0x6c (size before relaxing)
 .debug_str     0x00000000000f1623      0x9f1 Drivers/STM32F7xx_HAL_Driver/Src/stm32f7xx_hal.o
                                      0xec7ee (size before relaxing)
 .debug_str     0x00000000000f2014      0x383 Drivers/STM32F7xx_HAL_Driver/Src/stm32f7xx_hal_cortex.o
                                      0xec85a (size before relaxing)
 .debug_str     0x00000000000f2397      0x244 Drivers/STM32F7xx_HAL_Driver/Src/stm32f7xx_hal_gpio.o
                                      0xec03b (size before relaxing)
 .debug_str     0x00000000000f25db      0x1d1 Drivers/STM32F7xx_HAL_Driver/Src/stm32f7xx_hal_pwr_ex.o
                                      0xec0df (size before relaxing)
 .debug_str     0x00000000000f27ac      0x27f Drivers/STM32F7xx_HAL_Driver/Src/stm32f7xx_hal_rcc.o
                                      0xec199 (size before relaxing)
 .debug_str     0x00000000000f2a2b      0x161 Drivers/STM32F7xx_HAL_Driver/Src/stm32f7xx_hal_rcc_ex.o
                                      0xec14e (size before relaxing)
 .debug_str     0x00000000000f2b8c      0x577 Drivers/STM32F7xx_HAL_Driver/Src/stm32f7xx_hal_spi.o
                                      0xec61f (size before relaxing)
 .debug_str     0x00000000000f3103      0x7dc Drivers/STM32F7xx_HAL_Driver/Src/stm32f7xx_hal_uart.o
                                      0xec9de (size before relaxing)
 .debug_str     0x00000000000f38df       0x2f FATFS/App/fatfs.o
                                      0xef3b9 (size before relaxing)
 .debug_str     0x00000000000f390e       0x6d FATFS/Target/user_diskio.o
                                      0xef493 (size before relaxing)
 .debug_str     0x00000000000f397b       0x52 Middlewares/Third_Party/FatFs/src/diskio.o
                                      0xef2d3 (size before relaxing)
 .debug_str     0x00000000000f39cd     0x100d Middlewares/Third_Party/FatFs/src/ff.o
                                      0xf04fc (size before relaxing)
 .debug_str     0x00000000000f49da       0xa2 Middlewares/Third_Party/FatFs/src/ff_gen_drv.o
                                      0xef324 (size before relaxing)

.comment        0x0000000000000000       0x7b
 .comment       0x0000000000000000       0x7b Core/Src/fatfs_sd.o
                                         0x7c (size before relaxing)
 .comment       0x000000000000007b       0x7c Core/Src/gpio.o
 .comment       0x000000000000007b       0x7c Core/Src/main.o
 .comment       0x000000000000007b       0x7c Core/Src/spi.o
 .comment       0x000000000000007b       0x7c Core/Src/stm32f7xx_hal_msp.o
 .comment       0x000000000000007b       0x7c Core/Src/stm32f7xx_it.o
 .comment       0x000000000000007b       0x7c Core/Src/sysmem.o
 .comment       0x000000000000007b       0x7c Core/Src/system_stm32f7xx.o
 .comment       0x000000000000007b       0x7c Core/Src/usart.o
 .comment       0x000000000000007b       0x7c Drivers/STM32F7xx_HAL_Driver/Src/stm32f7xx_hal.o
 .comment       0x000000000000007b       0x7c Drivers/STM32F7xx_HAL_Driver/Src/stm32f7xx_hal_cortex.o
 .comment       0x000000000000007b       0x7c Drivers/STM32F7xx_HAL_Driver/Src/stm32f7xx_hal_gpio.o
 .comment       0x000000000000007b       0x7c Drivers/STM32F7xx_HAL_Driver/Src/stm32f7xx_hal_pwr_ex.o
 .comment       0x000000000000007b       0x7c Drivers/STM32F7xx_HAL_Driver/Src/stm32f7xx_hal_rcc.o
 .comment       0x000000000000007b       0x7c Drivers/STM32F7xx_HAL_Driver/Src/stm32f7xx_hal_rcc_ex.o
 .comment       0x000000000000007b       0x7c Drivers/STM32F7xx_HAL_Driver/Src/stm32f7xx_hal_spi.o
 .comment       0x000000000000007b       0x7c Drivers/STM32F7xx_HAL_Driver/Src/stm32f7xx_hal_uart.o
 .comment       0x000000000000007b       0x7c FATFS/App/fatfs.o
 .comment       0x000000000000007b       0x7c FATFS/Target/user_diskio.o
 .comment       0x000000000000007b       0x7c Middlewares/Third_Party/FatFs/src/diskio.o
 .comment       0x000000000000007b       0x7c Middlewares/Third_Party/FatFs/src/ff.o
 .comment       0x000000000000007b       0x7c Middlewares/Third_Party/FatFs/src/ff_gen_drv.o

.debug_frame    0x0000000000000000     0x376c
 .debug_frame   0x0000000000000000      0x268 Core/Src/fatfs_sd.o
 .debug_frame   0x0000000000000268       0x38 Core/Src/gpio.o
 .debug_frame   0x00000000000002a0      0x150 Core/Src/main.o
 .debug_frame   0x00000000000003f0       0x74 Core/Src/spi.o
 .debug_frame   0x0000000000000464       0x38 Core/Src/stm32f7xx_hal_msp.o
 .debug_frame   0x000000000000049c      0x12c Core/Src/stm32f7xx_it.o
 .debug_frame   0x00000000000005c8       0x34 Core/Src/sysmem.o
 .debug_frame   0x00000000000005fc       0x58 Core/Src/system_stm32f7xx.o
 .debug_frame   0x0000000000000654       0x74 Core/Src/usart.o
 .debug_frame   0x00000000000006c8      0x3f4 Drivers/STM32F7xx_HAL_Driver/Src/stm32f7xx_hal.o
 .debug_frame   0x0000000000000abc      0x498 Drivers/STM32F7xx_HAL_Driver/Src/stm32f7xx_hal_cortex.o
 .debug_frame   0x0000000000000f54      0x14c Drivers/STM32F7xx_HAL_Driver/Src/stm32f7xx_hal_gpio.o
 .debug_frame   0x00000000000010a0      0x1c8 Drivers/STM32F7xx_HAL_Driver/Src/stm32f7xx_hal_pwr_ex.o
 .debug_frame   0x0000000000001268      0x1f4 Drivers/STM32F7xx_HAL_Driver/Src/stm32f7xx_hal_rcc.o
 .debug_frame   0x000000000000145c      0x118 Drivers/STM32F7xx_HAL_Driver/Src/stm32f7xx_hal_rcc_ex.o
 .debug_frame   0x0000000000001574      0x860 Drivers/STM32F7xx_HAL_Driver/Src/stm32f7xx_hal_spi.o
 .debug_frame   0x0000000000001dd4      0x998 Drivers/STM32F7xx_HAL_Driver/Src/stm32f7xx_hal_uart.o
 .debug_frame   0x000000000000276c       0x4c FATFS/App/fatfs.o
 .debug_frame   0x00000000000027b8       0xc4 FATFS/Target/user_diskio.o
 .debug_frame   0x000000000000287c       0xec Middlewares/Third_Party/FatFs/src/diskio.o
 .debug_frame   0x0000000000002968      0x94c Middlewares/Third_Party/FatFs/src/ff.o
 .debug_frame   0x00000000000032b4       0xc8 Middlewares/Third_Party/FatFs/src/ff_gen_drv.o
 .debug_frame   0x000000000000337c       0x20 c:/st/stm32cubeide_1.3.0/stm32cubeide/plugins/com.st.stm32cube.ide.mcu.externaltools.gnu-tools-for-stm32.7-2018-q2-update.win32_1.4.0.202007081208/tools/bin/../lib/gcc/arm-none-eabi/7.3.1/../../../../arm-none-eabi/lib/thumb/v7e-m/fpv5/hard\libc_nano.a(lib_a-errno.o)
 .debug_frame   0x000000000000339c       0x2c c:/st/stm32cubeide_1.3.0/stm32cubeide/plugins/com.st.stm32cube.ide.mcu.externaltools.gnu-tools-for-stm32.7-2018-q2-update.win32_1.4.0.202007081208/tools/bin/../lib/gcc/arm-none-eabi/7.3.1/../../../../arm-none-eabi/lib/thumb/v7e-m/fpv5/hard\libc_nano.a(lib_a-init.o)
 .debug_frame   0x00000000000033c8       0x28 c:/st/stm32cubeide_1.3.0/stm32cubeide/plugins/com.st.stm32cube.ide.mcu.externaltools.gnu-tools-for-stm32.7-2018-q2-update.win32_1.4.0.202007081208/tools/bin/../lib/gcc/arm-none-eabi/7.3.1/../../../../arm-none-eabi/lib/thumb/v7e-m/fpv5/hard\libc_nano.a(lib_a-memcpy-stub.o)
 .debug_frame   0x00000000000033f0       0x20 c:/st/stm32cubeide_1.3.0/stm32cubeide/plugins/com.st.stm32cube.ide.mcu.externaltools.gnu-tools-for-stm32.7-2018-q2-update.win32_1.4.0.202007081208/tools/bin/../lib/gcc/arm-none-eabi/7.3.1/../../../../arm-none-eabi/lib/thumb/v7e-m/fpv5/hard\libc_nano.a(lib_a-memset.o)
 .debug_frame   0x0000000000003410       0x6c c:/st/stm32cubeide_1.3.0/stm32cubeide/plugins/com.st.stm32cube.ide.mcu.externaltools.gnu-tools-for-stm32.7-2018-q2-update.win32_1.4.0.202007081208/tools/bin/../lib/gcc/arm-none-eabi/7.3.1/../../../../arm-none-eabi/lib/thumb/v7e-m/fpv5/hard\libc_nano.a(lib_a-sprintf.o)
 .debug_frame   0x000000000000347c       0x90 c:/st/stm32cubeide_1.3.0/stm32cubeide/plugins/com.st.stm32cube.ide.mcu.externaltools.gnu-tools-for-stm32.7-2018-q2-update.win32_1.4.0.202007081208/tools/bin/../lib/gcc/arm-none-eabi/7.3.1/../../../../arm-none-eabi/lib/thumb/v7e-m/fpv5/hard\libc_nano.a(lib_a-nano-svfprintf.o)
 .debug_frame   0x000000000000350c       0x60 c:/st/stm32cubeide_1.3.0/stm32cubeide/plugins/com.st.stm32cube.ide.mcu.externaltools.gnu-tools-for-stm32.7-2018-q2-update.win32_1.4.0.202007081208/tools/bin/../lib/gcc/arm-none-eabi/7.3.1/../../../../arm-none-eabi/lib/thumb/v7e-m/fpv5/hard\libc_nano.a(lib_a-nano-vfprintf_i.o)